[  330.835588] sysrq: Emergency Remount R/O
[  330.842696] EXT4-fs (mmcblk0p80): re-mounted. Opts: (null)
[  330.857143] EXT4-fs (mmcblk0p45): re-mounted. Opts: (null)
[  330.863010] Emergency Remount complete
[  331.864887] ------------[ cut here ]------------
[  331.869573] WARNING: CPU: 1 PID: 330 at gpiod_set_raw_value+0xc0/0xc8
[  331.876052] Modules linked in: wlan(O) wsa881x_analog_dlkm(OE) camera(E) rouleur_slave_dlkm(O) wcd937x_slave_dlkm(O) tx_macro_dlkm(O) rx_macro_dlkm(O) va_macro_dlkm(O) swr_ctrl_dlkm(O) stub_dlkm(O) pinctrl_lpi_dlkm(O) usf_dlkm(O) native_dlkm(O) platform_dlkm(O) machine_dlkm(O) wcd937x_dlkm(O) rouleur_dlkm(O) wcd9xxx_dlkm(O) mbhc_dlkm(O) pm2250_spmi_dlkm(O) bolero_cdc_dlkm(O) wcd_core_dlkm(O) swr_dlkm(O) q6_dlkm(O) adsp_loader_dlkm(O) apr_dlkm(O) snd_event_dlkm(O) q6_notifier_dlkm(O) q6_pdr_dlkm(O)
[  331.920315] CPU: 1 PID: 330 Comm: crtc_commit:76 Tainted: G        W  OE     5.4.289 #1
[  331.928347] Hardware name: Qualcomm Technologies, Inc. BENGAL QRD V4 (DT)
[  331.935176] pstate: 60400005 (nZCv daif +PAN -UAO)
[  331.940011] pc : gpiod_set_raw_value+0xc0/0xc8
[  331.944494] lr : dsi_panel_pre_disable+0x34/0x9c
[  331.949149] sp : ffffffc011fabc00
[  331.952503] x29: ffffffc011fabc00 x28: 0000000000000038 
[  331.957857] x27: 000000000000002c x26: 0000000000000000 
[  331.963211] x25: ffffffeea183ced8 x24: 0000000000000000 
[  331.968565] x23: ffffffbb85f7a000 x22: ffffffeea1b63943 
[  331.973919] x21: ffffffbbe8cf6000 x20: ffffffbbe9a8a080 
[  331.979273] x19: ffffffbb85f8a000 x18: 0000000000000001 
[  331.984626] x17: 0000000006acfc00 x16: 0000000000000000 
[  331.989980] x15: ffffffc011fabb48 x14: 0000000000000000 
[  331.995332] x13: 0000000000000004 x12: 0000000000000000 
[  332.000685] x11: 0000000000000000 x10: 00000000ffffffff 
[  332.006038] x9 : ffffffbbe8c728f0 x8 : 0000000000000001 
[  332.011391] x7 : 0000000000000001 x6 : 0000000000000001 
[  332.016744] x5 : 0000000000000000 x4 : ffffffbbea75a500 
[  332.022097] x3 : ffffffbbe8cfae00 x2 : 0000000000000000 
[  332.027450] x1 : 0000000000000000 x0 : ffffffbbe975f060 
[  332.032803] Call trace:
[  332.035304]  gpiod_set_raw_value+0xc0/0xc8
[  332.039438]  dsi_panel_pre_disable+0x34/0x9c
[  332.043753]  dsi_display_pre_disable+0x8c/0x168
[  332.048336]  dsi_bridge_disable+0x4c/0x94
[  332.052385]  drm_bridge_disable+0x30/0x3c
[  332.056437]  msm_atomic_helper_commit_modeset_disables+0x1b4/0x740
[  332.062666]  complete_commit+0x68/0x7c8
[  332.066542]  _msm_drm_commit_work_cb+0xcc/0x194
[  332.071121]  kthread_worker_fn+0x190/0x30c
[  332.075252]  kthread+0x140/0x15c
[  332.078525]  ret_from_fork+0x10/0x18
[  332.082133] ---[ end trace a8f6e185eba6a1ca ]---
[  332.245101] ------------[ cut here ]------------
[  332.249781] WARNING: CPU: 1 PID: 330 at gpiod_set_raw_value+0xc0/0xc8
[  332.256260] Modules linked in: wlan(O) wsa881x_analog_dlkm(OE) camera(E) rouleur_slave_dlkm(O) wcd937x_slave_dlkm(O) tx_macro_dlkm(O) rx_macro_dlkm(O) va_macro_dlkm(O) swr_ctrl_dlkm(O) stub_dlkm(O) pinctrl_lpi_dlkm(O) usf_dlkm(O) native_dlkm(O) platform_dlkm(O) machine_dlkm(O) wcd937x_dlkm(O) rouleur_dlkm(O) wcd9xxx_dlkm(O) mbhc_dlkm(O) pm2250_spmi_dlkm(O) bolero_cdc_dlkm(O) wcd_core_dlkm(O) swr_dlkm(O) q6_dlkm(O) adsp_loader_dlkm(O) apr_dlkm(O) snd_event_dlkm(O) q6_notifier_dlkm(O) q6_pdr_dlkm(O)
[  332.300519] CPU: 1 PID: 330 Comm: crtc_commit:76 Tainted: G        W  OE     5.4.289 #1
[  332.308552] Hardware name: Qualcomm Technologies, Inc. BENGAL QRD V4 (DT)
[  332.315381] pstate: 60400005 (nZCv daif +PAN -UAO)
[  332.320224] pc : gpiod_set_raw_value+0xc0/0xc8
[  332.324707] lr : dsi_panel_post_unprepare+0x7c/0x1b8
[  332.329705] sp : ffffffc011fabbb0
[  332.333063] x29: ffffffc011fabbb0 x28: 0000000000000038 
[  332.338418] x27: 000000000000002c x26: 0000000000000000 
[  332.343773] x25: ffffffeea183ced8 x24: ffffffeea23d2000 
[  332.349128] x23: ffffffeea1ebf028 x22: ffffffeea2202138 
[  332.354485] x21: ffffffeea2a66000 x20: 0000000000000000 
[  332.359841] x19: ffffffbb85f8a000 x18: ffffffbbeb3882b0 
[  332.365195] x17: 0000000000000000 x16: 0000000000000000 
[  332.370552] x15: 0000000000000000 x14: fffffffffffffffe 
[  332.375908] x13: fffffffffffffffe x12: 0000000000000000 
[  332.381263] x11: 0000000000000000 x10: 00000000ffffffff 
[  332.386618] x9 : ffffffbbe8c800f0 x8 : 0000000000000001 
[  332.391973] x7 : ffffffffffffffff x6 : 000000ffffffffff 
[  332.397328] x5 : 8080808080000000 x4 : 0000000000000001 
[  332.402683] x3 : ffffffbbcdb79600 x2 : 0000000000000000 
[  332.408038] x1 : 0000000000000000 x0 : ffffffbbe975eac0 
[  332.413391] Call trace:
[  332.415900]  gpiod_set_raw_value+0xc0/0xc8
[  332.420035]  dsi_panel_post_unprepare+0x7c/0x1b8
[  332.424697]  dsi_display_unprepare+0x318/0x3d0
[  332.429183]  dsi_bridge_post_disable+0x2a0/0x400
[  332.433851]  drm_bridge_post_disable+0x28/0x3c
[  332.438337]  msm_atomic_helper_commit_modeset_disables+0x10c/0x740
[  332.444564]  complete_commit+0x68/0x7c8
[  332.448442]  _msm_drm_commit_work_cb+0xcc/0x194
[  332.453010]  kthread_worker_fn+0x190/0x30c
[  332.457140]  kthread+0x140/0x15c
[  332.460414]  ret_from_fork+0x10/0x18
[  332.464023] ---[ end trace a8f6e185eba6a1cb ]---
[  332.472758] Calling SCM to disable SPMI PMIC arbiter
[  332.477843] Failed to halt_spmi_pmic_arbiter=0xfffffffb
[  332.483380] reboot: Restarting system with command ''
[  332.488591] Going down for restart now

Format: Log Type - Time(microsec) - Message - Optional Info
Log Type: B - Since Boot(Power On Reset),  D - Delta,  S - Statistic
S - QC_IMAGE_VERSION_STRING=BOOT.XF.4.1.2-00024-KAMORTALAZ-4
S - IMAGE_VARIANT_STRING=KamortaPkgLAA
S - OEM_IMAGE_VERSION_STRING=crm-ubuntu135
S - Boot Interface: eMMC
S - Secure Boot: Off
S - Boot Config @ 0x01b46070 = 0x0000004f
S - JTAG ID @ 0x01b46130 = 0x001c70e1
S - OEM ID @ 0x01b46138 = 0x00000000
S - Serial Number @ 0x01b46134 = 0x8118a823
S - OEM Config Row 0 @ 0x01b441b8 = 0x0000000000000000
S - OEM Config Row 1 @ 0x01b441c0 = 0x0000000000000000
S - Feature Config Row 0 @ 0x01b441d0 = 0x0050200019010000
S - Feature Config Row 1 @ 0x01b441d8 = 0x0014008017808000
S - Core 0 Frequency, 1305 MHz
S - PBL Patch Ver: 1
S - PBL freq: 600 MHZ
D -      4944 - pbl_apps_init_timestamp
D -     83321 - bootable_media_detect_timestamp
D -      1499 - bl_elf_metadata_loading_timestamp
D -       683 - bl_hash_seg_auth_timestamp
D -     14958 - bl_elf_loadable_segment_loading_timestamp
D -      5640 - bl_elf_segs_hash_verify_timestamp
D -      7226 - bl_sec_hash_seg_auth_timestamp
D -      1166 - bl_sec_segs_hash_verify_timestamp
D -        28 - pbl_populate_shared_data_and_exit_timestamp
S -    119465 - PBL, End
B -    141153 - SBL1, Start (MPM timestamp = 146736)
B -    254792 - SBL1 BUILD @ 23:48:14 on Dec  4 2024
B -    260455 - usb: hs_phy_nondrive_start
B -    264495 - str_overflow
B -    268049 - usb: hs_phy_nondrive_finish
D -     11144 - sbl1_hw_init
D -        13 - boot_flash_init
B -    298894 - Using boot chain :: Primary
D -     21761 - sbl1_update_partition_ids
D -       874 - Auth Metadata
D -      4891 - sbl1_xblconfig_init
D -       519 - sbl1_feature_config_init
D -         3 - boot_config_data_table_default_init
D -        18 - sbl1_ddr_set_default_params
D -      1372 - boot_config_data_table_init
B -    324710 - CDT Version:3,Platform ID:11,Major ID:1,Minor ID:0,Subtype:6
D -      9481 - sbl1_hw_platform_pre_ddr
D -      3338 - devcfg init
B -    342638 - PM: OPT: ENABLE_AUTO_BOOT_OPTIMIZATION
B -    403407 - PM: PSI: b0x10_v0x18
B -    406977 - PM: Device Init # SPMI Transn: 4460
B -    411379 - PM: Driver Init # SPMI Transn: 301
B -    411731 - PM: APSD re-run
B -    418951 - PM: battery Id: 99557
B -    419336 - PM: CHG Init # SPMI Transn: 36
D -     83353 - pmic XBL init
D -      5822 - vsense_railway_cpr init
D -     97154 - sbl1_hw_pre_ddr_init
D -         2 - boot_dload_handle_forced_dload_timeout
D -      4573 - sbl1_load_ddr_training_data
D -      4986 - sbl1_ddr_set_params
B -    451375 - DSF version = 20.0, DSF RPM version = 9.0
B -    451412 - Manufacturer ID = 255, Device Type = 7
B -    456545 - Rank 0 size = 2048 MB, Rank 1 size = 0 MB
B -    461420 - Max Frequency = 1804 MHz
B -    466556 - Row Hammer Check : DRAM supports unlimited MAC Value : MR24[OP2:0 = 0] & MR24[OP3 = 1] for CH0 & CS0
D -     27793 - sbl1_ddr_init
B -    480470 - do_ddr_training, Start
B -    486857 - Bootup frequency set to 1804800
D -      3765 - do_ddr_training, Delta
D -     10684 - sbl1_do_ddr_training
D -         2 - sbl1_hand_control_to_devprog_ddr_or_ddi
B -    497954 - Pimem init cmd, entry
D -      9913 - Pimem init cmd, exit
D -     15645 - sbl1_post_ddr_init
D -       317 - sbl1_hw_init_secondary
B -    523509 - APDP Image Loaded, Start
D -      4008 - Auth Metadata
D -       436 - Segments hash check
D -      8022 - APDP Image Loaded, Delta - (21124 Bytes)
D -         4 - boot_dload_dump_security_regions
D -        14 - boot_dload_check
D -         2 - boot_cache_set_memory_barrier
D -         1 - boot_smem_debug_init
D -       301 - boot_smem_init
D -         4 - boot_smem_alloc_for_minidump
B -    557353 - PM: SMEM Chgr Info Write Success
D -      4007 - boot_smem_store_pon_status
D -        12 - sbl1_hw_platform_smem
D -       114 - boot_clock_init_rpm
D -         2 - boot_vsense_copy_to_smem
D -         1 - boot_share_flash_data
D -         7 - boot_populate_ram_partition_table
D -         7 - boot_populate_ddr_details_shared_table
D -         3 - sbl1_tlmm_init
D -         2 - sbl1_efs_handle_cookies
D -         1 - boot_apt_test
B -    603037 - OEM_MISC Image Loaded, Start
D -       826 - Auth Metadata
D -       237 - Segments hash check
D -      6741 - OEM_MISC Image Loaded, Delta - (7968 Bytes)
B -    613195 - QTI_MISC Image Loaded, Start
D -      5114 - QTI_MISC Image Loaded, Delta - (0 Bytes)
B -    624999 - PM: PM Total Mem Allocated: 1493 
D -      5044 - sbl1_pm_aop_pre_init_wrapper
B -    631799 - RPM Image Loaded, Start
D -      1276 - Auth Metadata
D -      1570 - Segments hash check
D -     13882 - RPM Image Loaded, Delta - (221092 Bytes)
B -    648910 - QSEE Dev Config Image Loaded, Start
D -      1326 - Auth Metadata
D -       512 - Segments hash check
D -     12355 - QSEE Dev Config Image Loaded, Delta - (37020 Bytes)
B -    670041 - QSEE Image Loaded, Start
D -      4484 - Auth Metadata
D -     21016 - Segments hash check
D -     76289 - QSEE Image Loaded, Delta - (3330966 Bytes)
D -        47 - sbl1_hw_play_vibr
B -    754949 - SEC Image Loaded, Start
D -      2871 - SEC Image Loaded, Delta - (0 Bytes)
B -    761397 - QHEE Image Loaded, Start
D -      1335 - Auth Metadata
D -      2795 - Segments hash check
D -     13723 - QHEE Image Loaded, Delta - (387768 Bytes)
B -    778540 - STI Image Loaded, Start
D -      4935 - STI Image Loaded, Delta - (0 Bytes)
B -    787051 - ABL Image Loaded, Start
D -      1250 - Auth Metadata
B -    795274 - Mem dump cmd, entry
D -         4 - Mem dump cmd, exit
B -    801864 - Switching to boot chain : Recovery

Format: Log Type - Time(microsec) - Message - Optional Info
Log Type: B - Since Boot(Power On Reset),  D - Delta,  S - Statistic
S - QC_IMAGE_VERSION_STRING=BOOT.XF.4.1.2-00024-KAMORTALAZ-4
S - IMAGE_VARIANT_STRING=KamortaPkgLAA
S - OEM_IMAGE_VERSION_STRING=crm-ubuntu135
S - Boot Interface: eMMC
S - Secure Boot: Off
S - Boot Config @ 0x01b46070 = 0x0000004f
S - JTAG ID @ 0x01b46130 = 0x001c70e1
S - OEM ID @ 0x01b46138 = 0x00000000
S - Serial Number @ 0x01b46134 = 0x8118a823
S - OEM Config Row 0 @ 0x01b441b8 = 0x0000000000000000
S - OEM Config Row 1 @ 0x01b441c0 = 0x0000000000000000
S - Feature Config Row 0 @ 0x01b441d0 = 0x0050200019010000
S - Feature Config Row 1 @ 0x01b441d8 = 0x0014008017808000
S - Core 0 Frequency, 1305 MHz
S - PBL Patch Ver: 1
S - PBL freq: 600 MHZ
D -      4944 - pbl_apps_init_timestamp
D -     83411 - bootable_media_detect_timestamp
D -      1500 - bl_elf_metadata_loading_timestamp
D -       683 - bl_hash_seg_auth_timestamp
D -     14959 - bl_elf_loadable_segment_loading_timestamp
D -      5658 - bl_elf_segs_hash_verify_timestamp
D -      7229 - bl_sec_hash_seg_auth_timestamp
D -      1170 - bl_sec_segs_hash_verify_timestamp
D -        29 - pbl_populate_shared_data_and_exit_timestamp
S -    119583 - PBL, End
B -    141280 - SBL1, Start (MPM timestamp = 146888)
B -    254915 - SBL1 BUILD @ 23:48:14 on Dec  4 2024
B -    260580 - usb: hs_phy_nondrive_start
B -    264617 - str_overflow
B -    268173 - usb: hs_phy_nondrive_finish
D -     11145 - sbl1_hw_init
D -        13 - boot_flash_init
B -    298929 - Using boot chain :: Recovery
D -     21673 - sbl1_update_partition_ids
D -       924 - Auth Metadata
D -      4894 - sbl1_xblconfig_init
D -       520 - sbl1_feature_config_init
D -         3 - boot_config_data_table_default_init
D -        18 - sbl1_ddr_set_default_params
D -      1371 - boot_config_data_table_init
B -    324832 - CDT Version:3,Platform ID:11,Major ID:1,Minor ID:0,Subtype:6
D -      9479 - sbl1_hw_platform_pre_ddr
D -      3339 - devcfg init
B -    342764 - PM: OPT: ENABLE_AUTO_BOOT_OPTIMIZATION
B -    403461 - PM: PSI: b0x10_v0x18
B -    407031 - PM: Device Init # SPMI Transn: 4460
B -    411439 - PM: Driver Init # SPMI Transn: 301
B -    411785 - PM: APSD re-run
B -    419011 - PM: battery Id: 99577
B -    419392 - PM: CHG Init # SPMI Transn: 36
D -     83286 - pmic XBL init
D -      5822 - vsense_railway_cpr init
D -     97090 - sbl1_hw_pre_ddr_init
D -         3 - boot_dload_handle_forced_dload_timeout
D -      4577 - sbl1_load_ddr_training_data
D -      4985 - sbl1_ddr_set_params
B -    451435 - DSF version = 20.0, DSF RPM version = 9.0
B -    451474 - Manufacturer ID = 255, Device Type = 7
B -    456607 - Rank 0 size = 2048 MB, Rank 1 size = 0 MB
B -    461481 - Max Frequency = 1804 MHz
B -    466618 - Row Hammer Check : DRAM supports unlimited MAC Value : MR24[OP2:0 = 0] & MR24[OP3 = 1] for CH0 & CS0
D -     27801 - sbl1_ddr_init
B -    480532 - do_ddr_training, Start
B -    486918 - Bootup frequency set to 1804800
D -      3763 - do_ddr_training, Delta
D -     10682 - sbl1_do_ddr_training
D -         2 - sbl1_hand_control_to_devprog_ddr_or_ddi
B -    498015 - Pimem init cmd, entry
D -      9913 - Pimem init cmd, exit
D -     15645 - sbl1_post_ddr_init
D -       315 - sbl1_hw_init_secondary
B -    523569 - APDP Image Loaded, Start
D -      3961 - Auth Metadata
D -       448 - Segments hash check
D -      7974 - APDP Image Loaded, Delta - (21124 Bytes)
D -         3 - boot_dload_dump_security_regions
D -        14 - boot_dload_check
D -         1 - boot_cache_set_memory_barrier
D -         2 - boot_smem_debug_init
D -       302 - boot_smem_init
D -         4 - boot_smem_alloc_for_minidump
B -    557368 - PM: SMEM Chgr Info Write Success
D -      4006 - boot_smem_store_pon_status
D -        12 - sbl1_hw_platform_smem
D -       114 - boot_clock_init_rpm
D -         1 - boot_vsense_copy_to_smem
D -         1 - boot_share_flash_data
D -         8 - boot_populate_ram_partition_table
D -         7 - boot_populate_ddr_details_shared_table
D -         3 - sbl1_tlmm_init
D -         1 - sbl1_efs_handle_cookies
D -         2 - boot_apt_test
B -    603051 - OEM_MISC Image Loaded, Start
D -       804 - Auth Metadata
D -       265 - Segments hash check
D -      6741 - OEM_MISC Image Loaded, Delta - (7968 Bytes)
B -    613216 - QTI_MISC Image Loaded, Start
D -      5106 - QTI_MISC Image Loaded, Delta - (0 Bytes)
B -    625011 - PM: PM Total Mem Allocated: 1493 
D -      5046 - sbl1_pm_aop_pre_init_wrapper
B -    631812 - RPM Image Loaded, Start
D -      1220 - Auth Metadata
D -      1596 - Segments hash check
D -     14109 - RPM Image Loaded, Delta - (221092 Bytes)
B -    649152 - QSEE Dev Config Image Loaded, Start
D -      1355 - Auth Metadata
D -       538 - Segments hash check
D -     12354 - QSEE Dev Config Image Loaded, Delta - (37020 Bytes)
B -    670282 - QSEE Image Loaded, Start
D -      4471 - Auth Metadata
D -     20983 - Segments hash check
D -     76553 - QSEE Image Loaded, Delta - (3330966 Bytes)
D -        47 - sbl1_hw_play_vibr
B -    755469 - SEC Image Loaded, Start
D -      2858 - SEC Image Loaded, Delta - (0 Bytes)
B -    761902 - QHEE Image Loaded, Start
D -      1328 - Auth Metadata
D -      2807 - Segments hash check
D -     13631 - QHEE Image Loaded, Delta - (387768 Bytes)
B -    778954 - STI Image Loaded, Start
D -      4935 - STI Image Loaded, Delta - (0 Bytes)
B -    787467 - ABL Image Loaded, Start
D -      1250 - Auth Metadata
D -       887 - Segments hash check
D -     10881 - ABL Image Loaded, Delta - (146176 Bytes)
B -    802246 - APPSBL Image Loaded, Start
D -      1340 - Auth Metadata
D -     11259 - Segments hash check
D -     27996 - APPSBL Image Loaded, Delta - (2301952 Bytes)
D -         5 - sbl1_appsbl_arch_determination
B -    839496 - SBL1, End
D -    701750 - SBL1, Delta
S - Flash Throughput, 91000 KB/s  (6499813 Bytes,  71094 us)
S - DDR Frequency, 1804 MHz


UEFI Start     [ 1092]
 - 0x05FC01000 [ 1097] Sec.efi
ASLR        : ON
DEP         : ON (RTB)
Timer Delta : +6 mS
smem_get_addr: SMEM get addr success. smem_type=402, buf_size=2328 and offset = 0x00007850.RAM Entry 0 : Base 0x0000000040000000  Size 0x000000003EB00000
RAM Entry 1 : Base 0x0000000080000000  Size 0x0000000040000000
UART Buffer size set to 0x8000 
Multithread : ON (Lib ver 1.1)
CPU Cores   : 8 (init 1)
CONF File   : uefiplatLA.cfg
UEFI Ver    : 5.0.241204.BOOT.XF.4.1.2-00024-KAMORTALAZ-4
Build Info  : 64b Dec  4 2024 23:49:11
Boot Device : eMMC
PROD Mode   : FALSE
Retail      : FALSE

Current core for decompresion 0 
First FV Decompress time 27 ms
Current core for decompresion 0 
Second FV Decompress time 21 ms (Decompress Thread)
 - 0x054EB2000 [ 1188] DxeCore.efi
Loading DxeCore at 0x0054EB2000 EntryPoint=0x0054EB3000
HOBLIST address in DXE = 0x54CA2018
FV Hob            0x5FC00000 - 0x5FE31FFF
FV Hob            0x54F03000 - 0x551E807F
FV2 Hob           0x54F03000 - 0x551E807F
                  631008B0-B2D1-410A-8B49-2C5C4D8ECC7E - 00000000-0000-0000-0000-000000000000
 - 0x054E51000 [ 1194] EnvDxe.efi
smem_get_addr: SMEM get addr success. smem_type=402, buf_size=2328 and offset = 0x00007850. - 0x054E47000 [ 1194] RscRtDxe.efi
 - 0x054E3F000 [ 1194] SCHandlerRtDxe.efi
 - 0x0548D6000 [ 1195] RuntimeDxe.efi
 - 0x054E2B000 [ 1195] ArmCpuDxe.efi
 - 0x054E22000 [ 1196] ArmGicDxe.efi
 - 0x054E1B000 [ 1197] MetronomeDxe.efi
 - 0x054E13000 [ 1197] ArmTimerDxe.efi
 - 0x054E09000 [ 1197] SmemDxe.efi
 - 0x054DCC000 [ 1198] DALSys.efi
smem_alloc: SMEM allocation success. smem_type=404, buf_size=8192 and offset = 0x000051B0. - 0x054DC3000 [ 1198] HWIODxeDriver.efi
 - 0x054DB8000 [ 1198] ChipInfo.efi
smem_get_addr: SMEM get addr success. smem_type=137, buf_size=248 and offset = 0x00007210. - 0x054DB0000 [ 1198] PlatformInfoDxeDriver.efi
 - 0x054DA5000 [ 1199] HALIOMMU.efi
 - 0x054D97000 [ 1199] GlinkDxe.efi
smem_alloc_ex: SMEM alloc_ex success. smem_type=478, remote=2, size=32, flags=0x40000000 and offset = 0x0018F030.smem_alloc_ex: SMEM alloc_ex success. smem_type=479, remote=2, size=16384, flags=0x40000000 and offset = 0x0018F060.smem_alloc_ex: SMEM alloc_ex success. smem_type=478, remote=1, size=32, flags=0x40000000 and offset = 0x000DD030.smem_alloc_ex: SMEM alloc_ex success. smem_type=479, remote=1, size=16384, flags=0x40000000 and offset = 0x000DD060. - 0x054D83000 [ 1200] ULogDxe.efi
 - 0x054D6A000 [ 1200] NpaDxe.efi
Module cannot re-initialize DAL module environment
 - 0x054D5F000 [ 1201] VcsDxe.efi
 - 0x054D35000 [ 1201] ClockDxe.efi
 >>> Cluster 0: 1612800000 Hz
DALLOG Device [0x2000070]: HWIO: Unable to find "RM_C_C_TTS/mccin/ipetd
 - 0x054D2B000 [ 1208] ShmBridgeDxe.efi
 - 0x054D1E000 [ 1209] ScmDxe.efi
 - 0x054D14000 [ 1209] SPMI.efi
 - 0x054CF3000 [ 1211] PmicDxe.efi
PM0: 45, PM1: 37, 
 - 0x054CE8000 [ 1217] DiskIoDxe.efi
 - 0x054CDB000 [ 1217] PartitionDxe.efi
 - 0x054CD3000 [ 1217] EnglishDxe.efi
 - 0x054CC8000 [ 1217] FvSimpleFileSystem.efi
 - 0x05484D000 [ 1218] SdccDxe.efi
Card NOT FOUND. Slot 1
Detect external SD card failed 
 - 0x054CAC000 [ 1270] UFSDxe.efi
 - 0x0544ED000 [ 1270] Fat.efi
 - 0x0544C6000 [ 1271] TzDxe.efi
smem_get_addr: SMEM get addr success. smem_type=402, buf_size=2328 and offset = 0x00007850.MemSize_Update_Needed: Updating TZ Apps Region size
AppReg Init:6 mS
Embedded Images Supported and Commonlibs loaded
 - 0x054439000 [ 1282] EmuVariableRuntimeDxe.efi
 - 0x0544FE000 [ 1282] QcomWDogDxe.efi
HW Wdog Setting from PCD : Disabled
 - 0x05442F000 [ 1283] ResetRuntimeDxe.efi
 - 0x0544D9000 [ 1283] WatchdogTimer.efi
 - 0x054427000 [ 1283] EmbeddedMonotonicCounter.efi
 - 0x05441E000 [ 1284] RealTimeClock.efi
 - 0x054410000 [ 1284] CapsuleRuntimeDxe.efi
 - 0x0543C2000 [ 1285] HiiDatabase.efi
 - 0x0543F6000 [ 1285] FontDxe.efi
 - 0x0542DD000 [ 1291] QcomBds.efi
 - 0x05407C000 [ 1296] PILDxe.efi
Start time 0 ms
 - 0x053FC9000 [ 1300] DALTLMM.efi
 - 0x053F4C000 [ 1301] DisplayDxe.efi
DisplayDxe: Panel ID:0x00000000 [LCD] 
DisplayDxe: Resolution 720x1440 (1 intf)
 - 0x053FAC000 [ 1334] ASN1X509Dxe.efi
 - 0x053FA2000 [ 1335] SecRSADxe.efi
 - 0x053F3C000 [ 1335] VerifiedBootDxe.efi
 - 0x053FB9000 [ 1336] PrintDxe.efi
 - 0x053F08000 [ 1336] DevicePathDxe.efi
 - 0x053F8D000 [ 1337] I2C.efi
 - 0x0BFF73000 [ 1337] AdcDxe.efi
 - 0x0BFF6A000 [ 1337] UsbPwrCtrlDxe.efi
 - 0x0BFF31000 [ 1338] QcomChargerDxeLA.efi
 - 0x0BFF61000 [ 1344] ChargerExDxe.efi
 - 0x0BFEFA000 [ 1345] UsbfnDwc3Dxe.efi
 - 0x0BFF22000 [ 1345] UsbConfigDxe.efi
UsbConfigPortsQueryConnectionChange: UFP and Type-C
UsbConfigPortsQueryConnectionChange: usbport->connectstate: ATT
ConnectSts : Attach, Data Role : UFP (DEVICE Mode), Lane : CC1, CoreNum : 0
HandlePortPartnerXtach: Cable Attach
 - 0x053F00000 [ 1346] TsensDxe.efi
 - 0x0BFEC9000 [ 1347] HashDxe.efi
 - 0x0BFEB1000 [ 1347] CipherDxe.efi
 - 0x0BFE99000 [ 1348] MacDxe.efi
 - 0x0BFF59000 [ 1348] RngDxe.efi
 - 0x0BFF4F000 [ 1349] DDRInfoDxe.efi
 - 0x0BFF1A000 [ 1349] SimpleTextInOutSerial.efi
 - 0x0BFEF0000 [ 1350] ConPlatformDxe.efi
 - 0x0BFE8B000 [ 1351] ConSplitterDxe.efi
 - 0x0BFE7F000 [ 1352] GraphicsConsoleDxe.efi
 - 0x0BFE75000 [ 1352] ButtonsDxe.efi
 - 0x0BFE68000 [ 1353] SecurityStubDxe.efi
 - 0x0BFE60000 [ 1354] MinidumpTADxe.efi
MinidumpTADxe: Minidump TA loading not enabled.
Error: Image at 000BFE60000 start failed: Load Error
 - 0x0BFE5B000 [ 1358] UsbMsdDxe.efi
 - 0x0BFE4E000 [ 1359] UsbDeviceDxe.efi
BDS Entry      [ 1377] 
smem_get_addr: SMEM get addr success. smem_type=402, buf_size=2328 and offset = 0x00007850.WaitParallelThreads InIt [ 1469] 
Wait start time for Display thread : 1469 ms
Wait start time for PIL thread : 1469 ms
-----------------------------
Platform Init  [ 1469] BDS
Var Store  : WARNING, not persistent
UEFI Ver   : 5.0.241204.BOOT.XF.4.1.2-00024-KAMORTALAZ-4
Platform           : QRD
Chip Name          : QRB_KAMORTA
Chip Ver           : 1.0
Chip Serial Number : 0x8118A823
-----------------------------
 - 0x0BFB16000 [ 1496] QcomChargerApp.efi
UEFI Total : 425 ms
POST Time      [ 1517] OS Loader
 - 0x0BF9A9000 [ 1519] LinuxLoader.efi
Loader Build Info: Oct 29 2025 08:15:36
VB: Non-secure device: Security State: (0xF3F)
VB: RWDeviceState: Succeed using devinfo!
SD card is not present
Boot reason: 0xB not handled, defaulting to Normal Boot
Total DDR Size: 0x000000007EB00000 
KeyPress:0, BootReason:11
Fastboot=0, Recovery:0
GetVmData: making ScmCall to get HypInfo
GetVmData: No Vm data present! Status = (0x3)
VM Hyp calls not present
Find misc_boot Partiton.
Alternate slot _b, New slot _a
misc_boot cookie = BB, Boot Slot is _a
Erase misc_boot cookie is OK.
Booting from slot (_a)
Booting Into Mission Mode
Loading Image Start : 1544 ms
Loading Image Done : 1545 ms
Total Image Read size : 4096 Bytes
Loading Image Start : 1545 ms
Loading Image Done : 1604 ms
Total Image Read size : 19193856 Bytes
No dtbo partition is found, Skip dtbo
VB: verification skipped for debug builds
GetVmData: making ScmCall to get HypInfo
GetVmData: No Vm data present! Status = (0x3)
No Ffbm cookie found, ignore: Not Found
Memory Base Address: 0x40000000
Decompressing kernel image start: 1607 ms
Decompressing kernel image done: 1980 ms
BootLinux: failed to get dtbo image
Best match DTB tags 523/0601000B/0x00000006/10000/1012D/20025/0/0/(offset)0xBF951AAA/(size)0x00055DE0
Using pmic info 0x1012D/0x20025/0x0/0x0 for device 0x1012D/0x20025/0x0/0x0
Memory Base Address: 0x40000000
ChargerExProtocol:: EFI_ChargerExIsOffModeCharging HARD_RESET = 1 .KPDPWR = 0 PON1 = 0 USB_CHG = 0 CBLPWR = 1 
ChargerExProtocol:: EFI_ChargerExIsOffModeCharging IsColdBoot = 1 BatteryPresent = 1 ChargerPresent = 1 
ChargerExProtocol:: EFI_ChargerExIsOffModeCharging Off mode charging False 
ChargerExProtocol:: EFI_ChargerExIsOffModeCharging  PonReason = 0x41, Offmode Charging = FLEEICagrxsoeOCmdline: console=ttyMSM0,115200,n8 earlycon=msm_geni_serial,0x4a90000 rootwait androidboot.hardware=qcom androidboot.console=ttyMSM0 systemd.setenv=SLOT_SUFFIX=_a androidboot.memcg=1 lpm_levels.sleep_disabled=1 video=vfb:640x400,bpp=32,memsize=3072000 msm
RAM Partitions
Add Base: 0x0000000040000000 Available Length: 0x000000003EB00000 
Add Base: 0x0000000080000000 Available Length: 0x0000000040000000 
smem_get_addr: SMEM get addr success. smem_type=402, buf_size=2328 and offset = 0x00007850.smem_get_addr: SMEM get addr success. smem_type=603, buf_size=208 and offset = 0x00008178.ERROR: Could not get splash memory region node
kaslr-Seed is added to chosen node

Shutting Down UEFI Boot Services: 1993 ms
Start EBS        [ 1994] 
Warning: Clearing A-bit !
App Log Flush : 367 ms
Exit EBS        [ 2383] UEFI End
[    0.000000] Booting Linux on physical CPU 0x0000000000 [0x51af8014]
[    0.000000] Linux version 5.4.289 (oe-user@oe-host) (clang version 19.1.0, GNU ld (GNU Binutils) 2.43.1.20241111) #1 SMP PREEMPT Wed Oct 29 08:23:16 UTC 2025
[    0.000000] memblock_reserve: 0x5626a setup_arch+0x60/0x210
[    0.000000] Machine model: Qualcomm Technologies, Inc. BENGAL QRD V4
[    0.000000] earlycon: msm_geni_serial0 at MMIO 0x0000000004a90000 (options '')
[    0.000000] printk: bootconsole [msm_geni_serial0] enabled
[    0.000000] efi: Getting EFI parameters from FDT:
[    0.000000] efi: UEFI not found.
[    0.000000] mem-offline: no memory to offline for DDR size:2125463552
[    0.000000] OF: reserved mem: OVERLAP DETECTED!
[    0.000000] disp_rdump_region@5c000000 (0x000000005c000000--0x000000005cf00000) overlaps with cont_splash_region@5c000000 (0x000000005c000000--0x000000005cf00000)
[    0.000000] Reserved memory: created DMA memory pool at 0x00000000bf800000, size 8 MiB
[    0.000000] OF: reserved mem: initialized node memshare_region, compatible id shared-dma-pool
[    0.000000] Reserved memory: created CMA memory pool at 0x00000000bf000000, size 8 MiB
[    0.000000] OF: reserved mem: initialized node mem_dump_region, compatible id shared-dma-pool
[    0.000000] Reserved memory: created CMA memory pool at 0x00000000be000000, size 16 MiB
[    0.000000] OF: reserved mem: initialized node user_contig_region, compatible id shared-dma-pool
[    0.000000] Reserved memory: created CMA memory pool at 0x00000000bd800000, size 8 MiB
[    0.000000] OF: reserved mem: initialized node adsp_region, compatible id shared-dma-pool
[    0.000000] Reserved memory: created CMA memory pool at 0x00000000bc400000, size 20 MiB
[    0.000000] OF: reserved mem: initialized node qseecom_region, compatible id shared-dma-pool
[    0.000000] Reserved memory: created CMA memory pool at 0x00000000bb400000, size 16 MiB
[    0.000000] OF: reserved mem: initialized node qseecom_ta_region, compatible id shared-dma-pool
[    0.000000] Reserved memory: created CMA memory pool at 0x00000000b5800000, size 92 MiB
[    0.000000] OF: reserved mem: initialized node secure_display_region, compatible id shared-dma-pool
[    0.000000] Reserved memory: created CMA memory pool at 0x00000000b3800000, size 32 MiB
[    0.000000] OF: reserved mem: initialized node linux,cma, compatible id shared-dma-pool
[    0.000000] psci: probing for conduit method from DT.
[    0.000000] psci: PSCIv1.0 detected in firmware.
[    0.000000] psci: Using standard PSCI v0.2 function IDs
[    0.000000] psci: MIGRATE_INFO_TYPE not supported.
[    0.000000] psci: SMC Calling Convention v1.1
[    0.000000] psci: OSI mode supported.
[    0.000000] psci: Switched to OSI mode.
[    0.000000] percpu: Embedded 31 pages/cpu s88104 r8192 d30680 u126976
[    0.000000] Detected VIPT I-cache on CPU0
[    0.000000] CPU features: detected: ARM erratum 845719
[    0.000000] CPU features: detected: GIC system register CPU interface
[    0.000000] CPU features: kernel page table isolation forced ON by KASLR
[    0.000000] CPU features: detected: Kernel page table isolation (KPTI)
[    0.000000] Built 1 zonelists, mobility grouping on.  Total pages: 441417
[    0.000000] Kernel command line: cgroup_disable=pressure rcupdate.rcu_expedited=1 rcu_nocbs=0-7 console=ttyMSM0,115200,n8 earlycon=msm_geni_serial,0x4a90000 rootwait androidboot.hardware=qcom androidboot.console=ttyMSM0 systemd.setenv=SLOT_SUFFIX=_a androidboot.memcg=1 lpm_levels.sleep_disabled=1 video=vfb:640x400,bpp=32,memsize=3072000 msm_rtb.filter=0x237 service_locator.enable=1 swiotlb=2048 loop.max_part=7 firmware_class.path=/lib/firmware/updates verity="6193240 774155 b3b4ed8fdc8b2bdc9c82ba39c5af34c80e402eea20003a8b4fa31f2b5c33e412 780261 1 " root=/dev/mmcblk0p18 androidboot.bootdevice=4744000.sdhci androidboot.serialno=1b89b520 androidboot.baseband=apq msm_drm.dsi_display0=qcom,mdss_dsi_ili9881c_720p_video: systemd.setenv="SLOT_SUFFIX=_a" skip_initramfs rootwait ro init=/sbin/init root=/dev/dm-0 dm-mod.create="system,,,ro,0 6193240 verity 1 /dev/mmcblk0p18 /dev/mmcblk0p18 4096 4096 774155 774163 sha256 b3b4ed8fdc8b2bdc9c82ba39c5af34c80e402eea20003a8b4fa31f2b5c33e412 aee087a5be3b9
[    0.000000] cgroup: Disabling pressure control group feature
[    0.000000] Dentry cache hash table entries: 262144 (order: 9, 2097152 bytes, linear)
[    0.000000] Inode-cache hash table entries: 131072 (order: 8, 1048576 bytes, linear)
[    0.000000] mem auto-init: stack:all(zero), heap alloc:on, heap free:off
[    0.000000] Memory: 1495324K/1793696K available (18812K kernel code, 2366K rwdata, 10800K rodata, 4544K init, 6474K bss, 101764K reserved, 196608K cma-reserved)
[    0.000000] SLUB: HWalign=64, Order=0-3, MinObjects=0, CPUs=8, Nodes=1
[    0.000000] kmemleak: Kernel memory leak detector disabled
[    0.000000] rcu: Preemptible hierarchical RCU implementation.
[    0.000000] rcu: 	RCU dyntick-idle grace-period acceleration is enabled.
[    0.000000] rcu: 	RCU restricting CPUs from NR_CPUS=32 to nr_cpu_ids=8.
[    0.000000] rcu: 	RCU callback double-/use-after-free debug enabled.
[    0.000000] 	All grace periods are expedited (rcu_expedited).
[    0.000000] 	Tasks RCU enabled.
[    0.000000] rcu: RCU calculated value of scheduler-enlistment delay is 25 jiffies.
[    0.000000] rcu: Adjusting geometry for rcu_fanout_leaf=16, nr_cpu_ids=8
[    0.000000] NR_IRQS: 64, nr_irqs: 64, preallocated irqs: 0
[    0.000000] GICv3: 640 SPIs implemented
[    0.000000] GICv3: 0 Extended SPIs implemented
[    0.000000] GICv3: Distributor has no Range Selector support
[    0.000000] GICv3: 16 PPIs implemented
[    0.000000] GICv3: no VLPI support, no direct LPI support
[    0.000000] rcu: 	Offload RCU callbacks from CPUs: 0-7.
[    0.000000] arch_timer: cp15 and mmio timer(s) running at 19.20MHz (virt/virt).
[    0.000000] clocksource: arch_sys_counter: mask: 0xffffffffffffff max_cycles: 0x46d987e47, max_idle_ns: 440795202767 ns
[    0.000003] sched_clock: 56 bits at 19MHz, resolution 52ns, wraps every 4398046511078ns
[    0.008013] clocksource: Switched to clocksource arch_sys_counter
[    0.017638] Console: colour dummy device 80x25
[    0.022113] Calibrating delay loop (skipped), value calculated using timer frequency.. 38.40 BogoMIPS (lpj=76800)
[    0.032401] pid_max: default: 32768 minimum: 301
[    0.037273] LSM: Security Framework initializing
[    0.041976] SELinux:  Initializing.
[    0.045722] Mount-cache hash table entries: 4096 (order: 3, 32768 bytes, linear)
[    0.053143] Mountpoint-cache hash table entries: 4096 (order: 3, 32768 bytes, linear)
[    0.062934] ASID allocator initialised with 32768 entries
[    0.068467] rcu: Hierarchical SRCU implementation.
[    0.078318] scm_mem_protection_init_do: SCM call failed
[    0.083601] EFI services will not be available.
[    0.088723] smp: Bringing up secondary CPUs ...
[    0.095365] Detected VIPT I-cache on CPU1
[    0.095441] CPU1: Booted secondary processor 0x0000000001 [0x51af8014]
[    0.097633] Detected VIPT I-cache on CPU2
[    0.097702] CPU2: Booted secondary processor 0x0000000002 [0x51af8014]
[    0.099746] Detected VIPT I-cache on CPU3
[    0.099815] CPU3: Booted secondary processor 0x0000000003 [0x51af8014]
[    0.102769] CPU features: detected: Branch predictor hardening
[    0.102778] SSBD disabled by kernel configuration
[    0.102780] CPU features: detected: Speculative Store Bypass Disable
[    0.102789] Detected VIPT I-cache on CPU4
[    0.102854] CPU4: Booted secondary processor 0x0000000100 [0x51af8002]
[    0.104821] Detected VIPT I-cache on CPU5
[    0.104879] CPU5: Booted secondary processor 0x0000000101 [0x51af8002]
[    0.106820] Detected VIPT I-cache on CPU6
[    0.106880] CPU6: Booted secondary processor 0x0000000102 [0x51af8002]
[    0.108820] Detected VIPT I-cache on CPU7
[    0.108883] CPU7: Booted secondary processor 0x0000000103 [0x51af8002]
[    0.108998] smp: Brought up 1 node, 8 CPUs
[    0.204065] SMP: Total of 8 processors activated.
[    0.208825] CPU features: detected: 32-bit EL0 Support
[    0.214010] CPU features: detected: CRC32 instructions
[    0.219291] CPU features: emulated: Privileged Access Never (PAN) using TTBR0_EL1 switching
[    0.227653] CPU: All CPU(s) started at EL1
[    0.231799] alternatives: patching kernel code
[    0.237418] devtmpfs: initialized
[    0.271195] Registered cp15_barrier emulation handler
[    0.276282] Registered setend emulation handler
[    0.281037] clocksource: jiffies: mask: 0xffffffff max_cycles: 0xffffffff, max_idle_ns: 7645041785100000 ns
[    0.290816] futex hash table entries: 2048 (order: 5, 131072 bytes, linear)
[    0.306320] pinctrl core: initialized pinctrl subsystem
[    0.311877] 
[    0.313394] *************************************************************
[    0.320191] **     NOTICE NOTICE NOTICE NOTICE NOTICE NOTICE NOTICE    **
[    0.326986] **                                                         **
[    0.333789] **  IOMMU DebugFS SUPPORT HAS BEEN ENABLED IN THIS KERNEL  **
[    0.340584] **                                                         **
[    0.347385] ** This means that this kernel is built to expose internal **
[    0.354180] ** IOMMU data structures, which may compromise security on **
[    0.360980] ** your system.                                            **
[    0.367783] **                                                         **
[    0.374578] ** If you see this message and you are not debugging the   **
[    0.381378] ** kernel, report this immediately to your vendor!         **
[    0.388174] **                                                         **
[    0.394973] **     NOTICE NOTICE NOTICE NOTICE NOTICE NOTICE NOTICE    **
[    0.401768] *************************************************************
[    0.408614] DMI not present or invalid.
[    0.412721] NET: Registered protocol family 16
[    0.418988] DMA: preallocated 256 KiB pool for atomic allocations
[    0.425151] audit: initializing netlink subsys (disabled)
[    0.430747] audit: type=2000 audit(0.419:1): state=initialized audit_enabled=0 res=1
[    0.438547] cpuidle: using governor menu
[    0.442597] NET: Registered protocol family 42
[    0.447509] hw-breakpoint: found 6 breakpoint and 4 watchpoint registers.
[    0.454877] Serial: AMBA PL011 UART driver
[    0.459350] DMA: preallocated 256 KiB pool for atomic allocations
[    0.480872] Unable to find DT property: qcom,msm-imem-download_mode
[    0.487678] Unable to find DT property: qcom,msm-imem-emergency_download_mode
[    0.499655] msm_watchdog f017000.qcom,wdt: QCOM Apps Watchdog Initialized
[    0.521508] msm_sps_probe: sps:sps is ready
[    0.527379] spmi spmi-0: PMIC arbiter version v5 (0x50010000)
[    0.655921] gpio gpiochip0: (400000.pinctrl): allocate IRQ 157, hwirq 11
[    0.662651] gpio gpiochip0: (400000.pinctrl): found parent hwirq 17
[    0.668939] gpio gpiochip0: (400000.pinctrl): alloc_irqs_parent for 157 parent hwirq 17
[    0.894694] cryptomgr_test (77) used greatest stack depth: 14864 bytes left
[    0.901694] cryptomgr_test (82) used greatest stack depth: 14704 bytes left
[    0.902609] cryptd: max_cpu_qlen set to 1000
[    0.913246] cryptomgr_test (96) used greatest stack depth: 14624 bytes left
[    0.919660] KPI: Bootloader start count = 50011
[    0.920255] cryptomgr_test (100) used greatest stack depth: 14408 bytes left
[    0.924774] KPI: Bootloader end count = 78360
[    0.936202] KPI: Bootloader load kernel count = 814748164
[    0.941613] KPI: Kernel MPM timestamp = 133655
[    0.946066] KPI: Kernel MPM Clock frequency = 32768
[    0.951686] iommu: Default domain type: Translated 
[    0.957301] SCSI subsystem initialized
[    0.961133] usbcore: registered new interface driver usbfs
[    0.966643] usbcore: registered new interface driver hub
[    0.971976] usbcore: registered new device driver usb
[    0.977157] usb_phy_generic soc:usb_nop_phy: soc:usb_nop_phy supply vcc not found, using dummy regulator
[    0.986971] qcom,qpnp-power-on 1c40000.qcom,spmi:qcom,pmi632@2:qcom,power-on@800: PMIC@SID2 Power-on reason: Triggered from CBL (External Power Supply) and 'cold' boot
[    1.001951] qcom,qpnp-power-on 1c40000.qcom,spmi:qcom,pmi632@2:qcom,power-on@800: PMIC@SID2: Power-off reason: Triggered from SOFT (Software)
[    1.014663] qcom,qpnp-power-on 1c40000.qcom,spmi:qcom,pmi632@2:qcom,power-on@800: IRQ pmic-wd-bark not found
[    1.024676] qcom,qpnp-power-on 1c40000.qcom,spmi:qcom,pm6125@0:qcom,power-on@800: PMIC@SID0 Power-on reason: Triggered from Hard Reset and 'cold' boot
[    1.038181] qcom,qpnp-power-on 1c40000.qcom,spmi:qcom,pm6125@0:qcom,power-on@800: PMIC@SID0: Power-off reason: Triggered from PS_HOLD (PS_HOLD/MSM Controlled Shutdown)
[    1.053228] qcom,qpnp-power-on 1c40000.qcom,spmi:qcom,pm6125@0:qcom,power-on@800: IRQ pmic-wd-bark not found
[    1.063125] input: qpnp_pon as /devices/platform/soc/1c40000.qcom,spmi/spmi-0/spmi0-00/1c40000.qcom,spmi:qcom,pm6125@0:qcom,power-on@800/input/input0
[    1.076859] mc: Linux media interface: v0.10
[    1.081147] videodev: Linux video capture interface: v2.00
[    1.086692] thermal_sys: Registered thermal governor 'step_wise'
[    1.086693] thermal_sys: Registered thermal governor 'user_space'
[    1.092714] thermal_sys: Registered thermal governor 'power_allocator'
[    1.103555] EDAC MC: Ver: 3.0.0
[    1.116160] shmbridge is enabled
[    1.120300] PMIC@SID2: PMI632 v2.0 options: 0, 0, 0, 0
[    1.125575] PMIC@SID0: PM6125 v1.1 options: 0, 0, 0, 0
[    1.130960] : msg_ram: 7000, msg_ram_size: 3847
[    1.135589]  soc:(____ptrval____): failed to register early notif -22
[    1.142986] dev-cpufreq: No tables parsed from DT.
[    1.143063] qcom_smd_rpm_probe: RPM-SMD running version 0
[    1.148055] SDAM base=0xb600 size=128 registered successfully
[    1.159264] Advanced Linux Sound Architecture Driver Initialized.
[    1.165629] Bluetooth: Core ver 2.22
[    1.169228] NET: Registered protocol family 31
[    1.173683] Bluetooth: HCI device and connection manager initialized
[    1.180042] Bluetooth: HCI socket layer initialized
[    1.184925] Bluetooth: L2CAP socket layer initialized
[    1.190001] Bluetooth: SCO socket layer initialized
[    1.194988] pcie:pcie_init.
[    1.214415] platform soc:qcom,ion:qcom,ion-heap@10: assigned reserved memory node secure_display_region
[    1.230829] platform soc:qcom,ion:qcom,ion-heap@26: assigned reserved memory node user_contig_region
[    1.244470] platform soc:qcom,ion:qcom,ion-heap@27: assigned reserved memory node qseecom_region
[    1.258272] platform soc:qcom,ion:qcom,ion-heap@19: assigned reserved memory node qseecom_ta_region
[    1.267359] ION heap system created
[    1.270991] ION heap secure_heap created
[    1.274938] ION heap secure_display created
[    1.305403] platform soc:qcom,ion:qcom,ion-heap@14: ion_secure_carveout: creating heap@0x46200000, size 0x1e00000
[    1.315679] ION heap secure_carveout created
[    1.319985] ION heap user_contig created
[    1.323948] ION heap qsecom created
[    1.327464] ION heap qsecom_ta created
[    1.334960] energy_model: Power domains not created yet
[    1.340199] clocksource: Switched to clocksource arch_sys_counter
[    1.381670] VFS: Disk quotas dquot_6.6.0
[    1.385655] VFS: Dquot-cache hash table entries: 512 (order 0, 4096 bytes)
[    1.396851] NET: Registered protocol family 2
[    1.401354] IP idents hash table entries: 32768 (order: 6, 262144 bytes, linear)
[    1.409468] tcp_listen_portaddr_hash hash table entries: 1024 (order: 3, 40960 bytes, linear)
[    1.418090] TCP established hash table entries: 16384 (order: 5, 131072 bytes, linear)
[    1.426122] TCP bind hash table entries: 16384 (order: 7, 524288 bytes, linear)
[    1.433538] TCP: Hash tables configured (established 16384 bind 16384)
[    1.440181] UDP hash table entries: 1024 (order: 4, 98304 bytes, linear)
[    1.446946] UDP-Lite hash table entries: 1024 (order: 4, 98304 bytes, linear)
[    1.454247] NET: Registered protocol family 1
[    1.458934] PCI: CLS 0 bytes, default 64
[    1.463813] hw perfevents: enabled with armv8_pmuv3 PMU driver, 7 counters available
[    1.475298] Initialise system trusted keyrings
[    1.479902] workingset: timestamp_bits=46 max_order=19 bucket_order=0
[    1.489773] fuse: init (API version 7.31)
[    1.500048] Key type asymmetric registered
[    1.504163] Asymmetric key parser 'x509' registered
[    1.509062] Block layer SCSI generic (bsg) driver version 0.4 loaded (major 243)
[    1.516471] io scheduler mq-deadline registered
[    1.521010] io scheduler kyber registered
[    1.525111] io scheduler bfq registered
[    1.539231] memshare soc:qcom,memshare:qcom,client_1: memshare: Continuing with allocation from CMA
[    1.548315] memshare soc:qcom,memshare:qcom,client_1: for memshare_GPS segments only will be dumped.
[    1.560572] memshare soc:qcom,memshare:qcom,client_2: memshare: Continuing with allocation from CMA
[    1.569651] memshare soc:qcom,memshare:qcom,client_2: for memshare_FTM segments only will be dumped.
[    1.581895] memshare soc:qcom,memshare:qcom,client_3: assigned reserved memory node memshare_region
[    1.590961] memshare soc:qcom,memshare:qcom,client_3: memshare: Memory allocation from shared DMA pool
[    1.600285] memshare soc:qcom,memshare:qcom,client_3: for memshare_DIAG segments only will be dumped.
[    1.611278] msm_hang_detect_probe: Missing cluster-id.
[    1.616683] v0.15, id=523, ver=1.0, raw_id=455, raw_ver=0, hw_plat=11, hw_plat_ver=65536
[    1.616683]  accessory_chip=0, hw_plat_subtype=6, pmic_model=65581, pmic_die_revision=65537 foundry_id=2 serial_number=2165876771 num_pmics=2 chip_family=0x6a raw_device_family=0x9 raw_device_number=0x2 nproduct_id=0x41c num_clusters=0x1 ncluster_array_offset=0xb0 num_defective_parts=0xc ndefective_parts_array_offset=0xb4 nmodem_supported=0x0
[    1.655426] msm_mem_dump soc:mem_dump: assigned reserved memory node mem_dump_region
[    1.664961] MSM Memory Dump base table set up
[    1.669343] MSM Memory Dump apps data table set up
[    1.680508] msm_geni_serial_init: Driver initialized
[    1.686257] adsprpc: fastrpc_get_dsp_status: cdsp node found with ret:1
[    1.692974] fastrpc soc:qcom,msm-adsprpc-mem: assigned reserved memory node adsp_region
[    1.700996] fastrpc soc:qcom,msm-adsprpc-mem: for adsp_rh segments only will be dumped.
[    1.709129] Info: adsprpc (7000): swapper/0: init_secure_vmid_list: secure VMID = 22
[    1.716892] Info: adsprpc (7000): swapper/0: init_secure_vmid_list: secure VMID = 37
[    1.724716] adsprpc: fastrpc_setup_service_locator: service location enabled for avs/audio (audio_pdr_adsprpc)
[    1.734744] adsprpc: fastrpc_setup_service_locator: service location enabled for tms/servreg (sensors_pdr_adsprpc)
[    1.780877] adsprpc: fastrpc_device_init: SSR notifier registered for adsp
[    1.787800] adsprpc: fastrpc_device_init: SSR notifier registered for modem
[    1.794805] adsprpc: fastrpc_device_init: SSR notifier registered for slpi
[    1.801712] adsprpc: fastrpc_device_init: SSR notifier registered for cdsp
[    1.822945] brd: module loaded
[    1.833561] loop: module loaded
[    1.836923] zram: Added device: zram0
[    1.841765] SCSI Media Changer driver v0.25 
[    1.846422] Ethernet Channel Bonding Driver: v3.7.1 (April 27, 2011)
[    1.854540] tun: Universal TUN/TAP device driver, 1.6
[    1.859702] CAN device driver interface
[    1.863562] PPP generic driver version 2.4.2
[    1.867907] PPP BSD Compression module registered
[    1.872632] PPP Deflate Compression module registered
[    1.877708] PPP MPPE Compression module registered
[    1.882520] NET: Registered protocol family 24
[    1.886975] PPTP driver version 0.8.5
[    1.890779] CLD80211: Initializing
[    1.894707] usbcore: registered new interface driver rtl8150
[    1.900403] usbcore: registered new interface driver r8152
[    1.905919] usbcore: registered new interface driver asix
[    1.911343] usbcore: registered new interface driver ax_usb_nic
[    1.917288] usbcore: registered new interface driver cdc_ether
[    1.923141] usbcore: registered new interface driver cdc_eem
[    1.928831] usbcore: registered new interface driver smsc75xx
[    1.934606] usbcore: registered new interface driver smsc95xx
[    1.940380] usbcore: registered new interface driver cdc_ncm
[    1.946065] usbcore: registered new interface driver aqc111
[    1.956655] msm_sharedmem: msm_sharedmem_probe: Device created for client 'rmtfs'
[    1.975293] ehci_hcd: USB 2.0 'Enhanced' Host Controller (EHCI) Driver
[    1.981874] ehci-platform: EHCI generic platform driver
[    1.987853] usbcore: registered new interface driver cdc_acm
[    1.993523] cdc_acm: USB Abstract Control Model driver for USB modems and ISDN adapters
[    2.001568] usbcore: registered new interface driver usb-storage
[    2.007601] usbcore: registered new interface driver ums-alauda
[    2.013537] usbcore: registered new interface driver ums-cypress
[    2.019567] usbcore: registered new interface driver ums-datafab
[    2.025597] usbcore: registered new interface driver ums-freecom
[    2.031626] usbcore: registered new interface driver ums-isd200
[    2.037561] usbcore: registered new interface driver ums-jumpshot
[    2.043675] usbcore: registered new interface driver ums-karma
[    2.049531] usbcore: registered new interface driver ums-onetouch
[    2.055645] usbcore: registered new interface driver ums-sddr09
[    2.061580] usbcore: registered new interface driver ums-sddr55
[    2.067515] usbcore: registered new interface driver ums-usbat
[    2.073390] usbcore: registered new interface driver cp210x
[    2.078975] usbserial: USB Serial support registered for cp210x
[    2.084917] usbcore: registered new interface driver ftdi_sio
[    2.090709] usbserial: USB Serial support registered for FTDI USB Serial Device
[    2.098600] usbcore: registered new interface driver xpad
[    2.104043] pt_device_access_init: Parade TTSP Device Access Driver (Built TTDL.04.11.977092) rc = 0
[    2.113842] rtc-pm8xxx 1c40000.qcom,spmi:qcom,pm6125@0:qcom,pm6125_rtc: registered as rtc0
[    2.122165] rtc-pm8xxx 1c40000.qcom,spmi:qcom,pm6125@0:qcom,pm6125_rtc: setting system clock to 1970-01-01T00:15:02 UTC (902)
[    2.133835] i2c /dev entries driver
[    2.137722] usbcore: registered new interface driver uvcvideo
[    2.143484] USB Video Class driver (1.1.1)
[    2.147591] gspca_main: v2.14.0 registered
[    2.155053] bcl_soc:bcl_soc_probe soc TZ register failed. err:-19
[    2.161592] device-mapper: uevent: version 1.0.3
[    2.166400] device-mapper: ioctl: 4.41.0-ioctl (2019-09-16) initialised: dm-devel@redhat.com
[    2.174964] Bluetooth: HCI UART driver ver 2.3
[    2.179916] cpuidle: using governor qcom
[    2.185544] sdhci: Secure Digital Host Controller Interface driver
[    2.191738] sdhci: Copyright(c) Pierre Ossman
[    2.196107] sdhci-pltfm: SDHCI platform and OF driver helper
[    2.203772] tz diag version is 2403000
[    2.204326] hidraw: raw HID events driver (C) Jiri Kosina
[    2.207732] encrypted qseelog enabled is 0
[    2.213538] usbcore: registered new interface driver usbhid
[    2.222667] usbhid: USB HID core driver
[    2.226692] ashmem: initialized
[    2.240187] coresight-csr 8001000.csr: CSR initialized: coresight-csr
[    2.247621] coresight-dummy soc:modem_rfxe: Uses obsolete Coresight DT bindings
[    2.255051] coresight-dummy soc:modem_rfxe: Dummy device initialized
[    2.261534] coresight-dummy soc:snoc: Dummy device initialized
[    2.267494] coresight-dummy soc:tpdm@8a26000: Dummy device initialized
[    2.274144] coresight-dummy soc:tpdm@899c000: Dummy device initialized
[    2.281056] coresight-remote-etm soc:audio_etm0: Remote ETM initialized
[    2.287824] coresight-remote-etm soc:turing_etm0: Remote ETM initialized
[    2.294675] coresight-remote-etm soc:modem_etm0: Remote ETM initialized
[    2.302335] usbcore: registered new interface driver snd-usb-audio
[    2.310557] u32 classifier
[    2.313285]     input device check on
[    2.316959]     Actions configured
[    2.320902] xt_time: kernel timezone is -0000
[    2.325343] ipip: IPv4 and MPLS over IPv4 tunneling driver
[    2.331032] gre: GRE over IPv4 demultiplexor driver
[    2.335918] IPv4 over IPsec tunneling driver
[    2.340553] Initializing XFRM netlink socket
[    2.344843] IPsec XFRM device driver
[    2.348669] NET: Registered protocol family 10
[    2.353896] Segment Routing with IPv6
[    2.357641] mip6: Mobile IPv6
[    2.361013] sit: IPv6, IPv4 and MPLS over IPv4 tunneling driver
[    2.367337] NET: Registered protocol family 17
[    2.371802] NET: Registered protocol family 15
[    2.376312] Bridge firewalling registered
[    2.380378] can: controller area network core (rev 20170425 abi 9)
[    2.386620] NET: Registered protocol family 29
[    2.391078] can: raw protocol (rev 20170425)
[    2.395352] can: broadcast manager protocol (rev 20170425 t)
[    2.401017] can: netlink gateway (rev 20190810) max_hops=1
[    2.406629] Bluetooth: RFCOMM TTY layer initialized
[    2.411518] Bluetooth: RFCOMM socket layer initialized
[    2.416681] Bluetooth: RFCOMM ver 1.11
[    2.420443] Bluetooth: HIDP (Human Interface Emulation) ver 1.2
[    2.426369] Bluetooth: HIDP socket layer initialized
[    2.431358] l2tp_core: L2TP core driver, V2.0
[    2.435728] l2tp_ppp: PPPoL2TP kernel driver, V2.0
[    2.440528] 8021q: 802.1Q VLAN Support v1.8
[    2.444724] tipc: Activated (version 2.0.0)
[    2.448984] NET: Registered protocol family 30
[    2.453487] tipc: Started in single node mode
[    2.458298] registered taskstats version 1
[    2.462409] Loading compiled-in X.509 certificates
[    2.467544] cryptomgr_probe (187) used greatest stack depth: 14024 bytes left
[    2.468647] Loaded X.509 cert 'Build time autogenerated kernel key: ee61be312382997e6d745bcff60b0552ed48704c'
[    2.485232] Key type ._fscrypt registered
[    2.489262] Key type .fscrypt registered
[    2.493192] Key type fscrypt-provisioning registered
[    2.498831] msm-dcc 1be2000.dcc_v2: ll-reg-offsets property doesn't exist
[    2.513056] qcom-clk-smd-rpm soc:qcom,rpmcc: Registered RPM clocks
[    2.526083] pm6125_s3_level: Bringing 1uV into 16-16uV
[    2.534335] pm6125_s3_floor_level: Bringing 1uV into 16-16uV
[    2.543359] pm6125_s3_level_ao: Bringing 1uV into 16-16uV
[    2.554986] pm6125_s5_level: Bringing 1uV into 16-16uV
[    2.563026] pm6125_s5_floor_level: Bringing 1uV into 16-16uV
[    2.571869] pm6125_s5_level_ao: Bringing 1uV into 16-16uV
[    2.594541] pm6125_l2_level: Bringing 1uV into 16-16uV
[    2.602590] pm6125_l3_level: Bringing 1uV into 16-16uV
[    2.647647] bengal-debugcc soc:qcom,cc-debug: Registered debug measure clocks
[    2.673350] of_batterydata_get_best_profile: Alium_860_89032_0000_3600mAh_Jun15th2018 found
[    2.682277] QG-K: qg_batterydata_init: QG Battery-profile loaded
[    2.695172] QG-K: qg_determine_pon_soc: using SHUTDOWN_SOC @ PON ocv_uv=4188004uV soc=89
[    2.704678] QG-K: qpnp_qg_probe: QG initialized! battery_profile=Alium_860_89032_0000_3600mAh_Jun15th2018 SOC=89 QG_subtype=3 QG_version=QG_PMIC5 QG_mode=QG_V_I
[    2.719401] spmi-temp-alarm 1c40000.qcom,spmi:qcom,pmi632@2:qcom,temp-alarm@2400: failed to register sensor
[    2.730662] Error registering TZ zone:-19 for dt_ch:83
[    2.735857] qcom,adc-tm 1c40000.qcom,spmi:qcom,pmi632@2:adc_tm@3500: IRQ threshold not found
[    2.744315] qcom,adc-tm 1c40000.qcom,spmi:qcom,pmi632@2:adc_tm@3500: failed to get irq threshold
[    2.753118] adc-tm register interrupts failed:-6
[    2.763982] Error registering TZ zone:-19 for dt_ch:84
[    2.769467] coresight-csr 8a03000.csr: CSR initialized: coresight-swao-csr
[    2.780911] coresight coresight-etm0: CPU0: ETM v4.0 initialized
[    2.786941] coresight-etm4x 9040000.etm: CPU0: (null) initialized
[    2.793389] coresight coresight-etm1: CPU1: ETM v4.0 initialized
[    2.799412] coresight-etm4x 9140000.etm: CPU1: (null) initialized
[    2.805829] coresight coresight-etm2: CPU2: ETM v4.0 initialized
[    2.811860] coresight-etm4x 9240000.etm: CPU2: (null) initialized
[    2.818269] coresight coresight-etm3: CPU3: ETM v4.0 initialized
[    2.824314] coresight-etm4x 9340000.etm: CPU3: (null) initialized
[    2.830736] coresight coresight-etm4: CPU4: ETM v4.0 initialized
[    2.836757] coresight-etm4x 9440000.etm: CPU4: (null) initialized
[    2.843180] coresight coresight-etm5: CPU5: ETM v4.0 initialized
[    2.849201] coresight-etm4x 9540000.etm: CPU5: (null) initialized
[    2.855601] coresight coresight-etm6: CPU6: ETM v4.0 initialized
[    2.861630] coresight-etm4x 9640000.etm: CPU6: (null) initialized
[    2.868044] coresight coresight-etm7: CPU7: ETM v4.0 initialized
[    2.874071] coresight-etm4x 9740000.etm: CPU7: (null) initialized
[    2.880531] coresight-stm 8002000.stm: STM32 initialized
[    2.891496] dsi_phy 5e94400.qcom,mdss_dsi_phy0: 5e94400.qcom,mdss_dsi_phy0 supply gdsc not found, using dummy regulator
[    2.902459] [drm:dsi_pll_init] [msm-dsi-info]: DSI_PLL_0: DSI pll label = dsi_pll_14nm
[    2.910408] [drm:dsi_pll_init] [msm-dsi-info]: DSI_PLL_0: PLL SSC enabled
[    2.917220] dsi_pll_init: PLL base=(____ptrval____)
[    2.922179] debugfs: Directory '5e94400.qcom,mdss_dsi_phy0' with parent 'regmap' already present!
[    2.931075] debugfs: Directory '5e94400.qcom,mdss_dsi_phy0' with parent 'regmap' already present!
[    2.939967] debugfs: Directory '5e94400.qcom,mdss_dsi_phy0' with parent 'regmap' already present!
[    2.949479] dsi_pll_clock_register_14nm: Registered DSI PLL ndx=0 clocks successfully
[    2.957536] [drm:dsi_phy_driver_probe] [msm-dsi-info]: DSI_0: Probe successful
[    2.965270] [drm:dsi_ctrl_get] *ERROR* [msm-dsi-error]: inv: Device with of node not found rc=-517
[    2.974258] [drm:dsi_display_dev_probe] *ERROR* [msm-dsi-error]: failed to get dsi controller, rc=-517
[    2.983578] [drm:dsi_display_dev_probe] *ERROR* [msm-dsi-error]: [(null)] failed to initialize resources, rc=-517
[    2.993857] [drm:dsi_display_dev_probe] *ERROR* [msm-dsi-error]: device init failed, rc=-517
[    3.002873] qnoc-bengal soc:interconnect: Registered Bengal ICC
[    3.009265] qnoc-bengal 1880000.interconnect1: Registered Bengal ICC
[    3.016002] qnoc-bengal 1880000.interconnect2: Registered Bengal ICC
[    3.022847] qnoc-bengal 1900000.interconnect: Registered Bengal ICC
[    3.029500] qnoc-bengal 4480000.interconnect: Registered Bengal ICC
[    3.036314] bt_dt_parse_vreg_info: qcom,bt-vdd-smps is not provided in device tree
[    3.044167] bt-reset-gpio not provided in devicetree
[    3.049145] bt_power_populate_dt_pinfo: wl-reset-gpio not provided in device tree
[    3.056637] bt-debug-gpio not provided in devicetree
[    3.061611] xo-reset-gpio not provided in devicetree
[    3.066578] bt_dt_parse_clk_info: clocks is not provided in device tree
[    3.073192] bt_power_populate_dt_pinfo: clock not provided in device tree
[    3.080055] No TCS CMD entry found in DTSI
[    3.084154] bt_power_probe: Failed to get TCS table info
[    3.090336] gpu_cx_gdsc: supplied by pm6125_s3_level
[    3.095602] gpu_gx_gdsc: supplied by pm6125_s3_level
[    3.110681] gcc-bengal 1400000.qcom,gcc: Registered GCC clocks
[    3.118347] gpu_cc-bengal 5990000.qcom,gpucc: Registered GPU CC clocks
[    3.126224] arm-smmu 59a0000.kgsl-smmu: missing tcu_testbus_version property
[    3.133497] arm-smmu 59a0000.kgsl-smmu: 	non-coherent table walk
[    3.139512] arm-smmu 59a0000.kgsl-smmu: 	(IDR0.CTTW overridden by FW configuration)
[    3.147184] arm-smmu 59a0000.kgsl-smmu: 	stream matching with 4 register groups
[    3.156601] cpufreq: CPU0: Fast frequency switching not enabled
[    3.162539] cpufreq: Registered transition notifiers:
[    3.167605] cpufreq: cpufreq_notifier_trans+0x0/0x200
[    3.173042] core_ctl: Creating CPU group 0
[    3.177158] core_ctl: Init CPU0 state
[    3.177204] cpufreq: CPU4: Fast frequency switching not enabled
[    3.180819] core_ctl: Init CPU1 state
[    3.180819] core_ctl: Init CPU2 state
[    3.180820] core_ctl: Init CPU3 state
[    3.180947] core_ctl: Creating CPU group 4
[    3.186746] cpufreq: Registered transition notifiers:
[    3.186752] cpufreq: cpufreq_notifier_trans+0x0/0x200
[    3.196946] 1610000.qcom,msm-eud: ttyEUD0 at MMIO 0x0 (irq = 16, base_baud = 0) is a EUD UART
[    3.197747] core_ctl: Init CPU4 state
[    3.203153] qcom_smdrpm_clk_hw_get: invalid index 80
[    3.206886] core_ctl: Init CPU5 state
[    3.206887] core_ctl: Init CPU6 state
[    3.206888] core_ctl: Init CPU7 state
[    3.240161] msm_rng 1b53000.qrng: failed to register clock source
[    3.253447] platform 59a0000.qcom,kgsl-iommu:gfx3d_user: Adding to iommu group 0
[    3.262633] platform 59a0000.qcom,kgsl-iommu:gfx3d_secure: Adding to iommu group 1
[    3.273724]  kgsl-busmon: devfreq_add_device: Unable to find governor for the device
[    3.281530] kgsl-3d 5900000.qcom,kgsl-3d0: Bus scaling not enabled
[    3.288160] msm-qusb-phy 1613000.qusb: 1613000.qusb supply USB3_GDSC not found, using dummy regulator
[    3.299422] qcom,qpnp-smb5 1c40000.qcom,spmi:qcom,pmi632@2:qcom,qpnp-smb5: cp_parallel_mode channel unavailable, -19
[    3.310009] qcom,qpnp-smb5 1c40000.qcom,spmi:qcom,pmi632@2:qcom,qpnp-smb5: Failed to get channels, -19
[    3.319563] qcom,qpnp-smb5 1c40000.qcom,spmi:qcom,pmi632@2:qcom,qpnp-smb5: pl_charger_temp channel unavailable, -19
[    3.494000] pmi632_charger: smblib_get_prop_usb_voltage_now: Failed to read USBIN over vadc, rc=-61
[    3.503429] qcom,qpnp-smb5 1c40000.qcom,spmi:qcom,pmi632@2:qcom,qpnp-smb5: cp_parallel_output_mode channel unavailable, -19
[    3.515107] qcom,qpnp-smb5 1c40000.qcom,spmi:qcom,pmi632@2:qcom,qpnp-smb5: Failed to get channels, rc=-19
[    3.524893] Failed to get IIO channel parallel_charging_enabled, rc=-19
[    3.532942] of_batterydata_get_best_profile: Alium_860_89032_0000_3600mAh_Jun15th2018 found
[    3.542364] pmi632_charger: smblib_get_prop_usb_voltage_now: Failed to read USBIN over vadc, rc=-61
[    3.550758] SMB5 status - usb:present=1 type=0 batt:present = 1 health = 1 charge = 1
[    3.559766] QPNP SMB5 probed successfully
[    3.567092] [drm:dsi_ctrl_get] *ERROR* [msm-dsi-error]: inv: Device with of node not found rc=-517
[    3.572125] pmi632_charger: smblib_get_prop_usb_voltage_now: Failed to read USBIN over vadc, rc=-61
[    3.576128] [drm:dsi_display_dev_probe] *ERROR* [msm-dsi-error]: failed to get dsi controller, rc=-517
[    3.576138] [drm:dsi_display_dev_probe] *ERROR* [msm-dsi-error]: [(null)] failed to initialize resources, rc=-517
[    3.576147] [drm:dsi_display_dev_probe] *ERROR* [msm-dsi-error]: device init failed, rc=-517
[    3.577737] qnoc-bengal 1880000.interconnect: Registered Bengal ICC
[    3.621465] msm_vidc:   err : ffffffff: .....: read_platform_resources_from_dt: failed to load fw name, rc -22, using default fw
[    3.634281] msm_vidc:   err : ffffffff: .....: no device Registered
[    3.652149] pll_is_pll_locked_14nm: DSI PLL ndx=0 status=0 failed to Lock
[    3.659135] dsi_pll_enable_seq_14nm: DSI PLL ndx=0 lock failed
[    3.664991] dsi_pll_enable: ndx=0 DSI PLL failed to lock
[    3.671338] pll_is_pll_locked_14nm: DSI PLL ndx=0 status=0 failed to Lock
[    3.678181] dsi_pll_enable_seq_14nm: DSI PLL ndx=0 lock failed
[    3.684025] dsi_pll_enable: ndx=0 DSI PLL failed to lock
[    3.690590] pll_is_pll_locked_14nm: DSI PLL ndx=0 status=0 failed to Lock
[    3.697390] dsi_pll_enable_seq_14nm: DSI PLL ndx=0 lock failed
[    3.703231] dsi_pll_enable: ndx=0 DSI PLL failed to lock
[    3.710191] pll_is_pll_locked_14nm: DSI PLL ndx=0 status=0 failed to Lock
[    3.716981] dsi_pll_enable_seq_14nm: DSI PLL ndx=0 lock failed
[    3.722851] dsi_pll_enable: ndx=0 DSI PLL failed to lock
[    3.729188] pll_is_pll_locked_14nm: DSI PLL ndx=0 status=0 failed to Lock
[    3.735986] dsi_pll_enable_seq_14nm: DSI PLL ndx=0 lock failed
[    3.741826] dsi_pll_enable: ndx=0 DSI PLL failed to lock
[    3.747885] disp_cc-bengal 5f00000.qcom,dispcc: Registered DISP CC clocks
[    3.760517] arm-smmu c600000.apps-smmu: missing tcu_testbus_version property
[    3.767836] arm-smmu c600000.apps-smmu: 	non-coherent table walk
[    3.773907] arm-smmu c600000.apps-smmu: 	(IDR0.CTTW overridden by FW configuration)
[    3.781573] arm-smmu c600000.apps-smmu: 	stream matching with 50 register groups
[    3.790724] gpi_dma 4a00000.qcom,gpi-dma: Adding to iommu group 2
[    3.801784] minidump-id not found for ipa_fws
[    3.806189] subsys-pil-tz soc:qcom,ipa_fws: for ipa_fws segments only will be dumped.
[    3.814224] subsys-pil-tz soc:qcom,ipa_fws: for md_ipa_fws segments only will be dumped.
[    3.822888] minidump-id not found for a610_zap
[    3.827398] subsys-pil-tz soc:qcom,kgsl-hyp: for a610_zap segments only will be dumped.
[    3.835632] subsys-pil-tz soc:qcom,kgsl-hyp: for md_a610_zap segments only will be dumped.
[    3.845802] icnss2 c800000.qcom,icnss: Adding to iommu group 3
[    3.851744] icnss2: Recursive recovery allowed for WLAN
[    3.857455] icnss2 c800000.qcom,icnss: for wcss_msa0 segments only will be dumped.
[    3.865380] icnss2: Platform driver probed successfully
[    3.872268] fastrpc soc:qcom,msm_fastrpc:qcom,msm_fastrpc_compute_cb1: Adding to iommu group 4
[    3.881875] fastrpc soc:qcom,msm_fastrpc:qcom,msm_fastrpc_compute_cb2: Adding to iommu group 5
[    3.891272] fastrpc soc:qcom,msm_fastrpc:qcom,msm_fastrpc_compute_cb3: Adding to iommu group 6
[    3.900734] fastrpc soc:qcom,msm_fastrpc:qcom,msm_fastrpc_compute_cb4: Adding to iommu group 7
[    3.910144] fastrpc soc:qcom,msm_fastrpc:qcom,msm_fastrpc_compute_cb5: Adding to iommu group 8
[    3.919624] fastrpc soc:qcom,msm_fastrpc:qcom,msm_fastrpc_compute_cb6: Adding to iommu group 9
[    3.929182] fastrpc soc:qcom,msm_fastrpc:qcom,msm_fastrpc_compute_cb9: Adding to iommu group 10
[    3.938722] fastrpc soc:qcom,msm_fastrpc:qcom,msm_fastrpc_compute_cb10: Adding to iommu group 11
[    3.948464] fastrpc soc:qcom,msm_fastrpc:qcom,msm_fastrpc_compute_cb11: Adding to iommu group 12
[    3.958049] fastrpc soc:qcom,msm_fastrpc:qcom,msm_fastrpc_compute_cb12: Adding to iommu group 13
[    3.967705] fastrpc soc:qcom,msm_fastrpc:qcom,msm_fastrpc_compute_cb13: Adding to iommu group 14
[    3.977404] fastrpc soc:qcom,msm_fastrpc:qcom,msm_fastrpc_compute_cb14: Adding to iommu group 15
[    3.986473] iommu-debug soc:apps_iommu_test_device: Adding to iommu group 16
[    3.993942] iommu-debug soc:apps_iommu_coherent_test_device: Adding to iommu group 17
[    4.002096] platform soc:qcom,ion:qcom,ion-heap@19: assigned reserved memory node qseecom_ta_region
[    4.011484] platform soc:qcom,ion:qcom,ion-heap@27: assigned reserved memory node qseecom_region
[    4.020364] platform soc:qcom,ion:qcom,ion-heap@26: assigned reserved memory node user_contig_region
[    4.029845] qseecom 61800000.qseecom: assigned reserved memory node qseecom_region
[    4.037462] QSEECOM: qseecom_init_control: qseecom.qsee_version = 0x1402000
[    4.044507] QSEECOM: qseecom_retrieve_ce_data: Device does not support PFE
[    4.052632] spi_geni 4a94000.spi: Error geni_se_resources_init
[    4.058503] spi_geni 4a94000.spi: spi_geni_probe: ret:-517
[    4.064301] i2c_geni 4a84000.i2c: geni_se_resources_init
[    4.069886] i2c_geni 4a88000.i2c: geni_se_resources_init
[    4.076005] qce 1b20000.qcedev: Adding to iommu group 18
[    4.083669] qce 1b20000.qcedev: QTI Crypto 5.5.1 device found @0x1b20000
[    4.090605] sps_register_bam_device: sps:BAM 0x0000000001b04000 is registered
[    4.097853] sps_bam_enable: sps:BAM 0x0000000001b04000 (va:0x(____ptrval____)) enabled: ver:0x27, number of pipes:16
[    4.108562] QCE50: qce_sps_init:  QTI MSM CE-BAM at 0x0000000001b04000 irq 14
[    4.119515] qce 1b20000.qcedev:qcom_cedev_ns_cb: Adding to iommu group 19
[    4.128851] qce 1b20000.qcedev:qcom_cedev_s_cb: Adding to iommu group 20
[    4.136752] qcrypto 1b20000.qcrypto: Adding to iommu group 21
[    4.144024] QCE50: __qce_get_device_tree_data: CE operating frequency is not defined, setting to default 100MHZ
[    4.154788] qcrypto 1b20000.qcrypto: QTI Crypto 5.5.1 device found @0x1b20000
[    4.162157] QCE50: qce_sps_init:  QTI MSM CE-BAM at 0x0000000001b04000 irq 14
[    4.171602] qcrypto 1b20000.qcrypto: qcrypto-ecb-aes
[    4.177028] qcrypto 1b20000.qcrypto: qcrypto-cbc-aes
[    4.182424] qcrypto 1b20000.qcrypto: qcrypto-ctr-aes
[    4.187832] qcrypto 1b20000.qcrypto: qcrypto-ecb-des
[    4.193234] qcrypto 1b20000.qcrypto: qcrypto-cbc-des
[    4.198626] qcrypto 1b20000.qcrypto: qcrypto-ecb-3des
[    4.204375] qcrypto 1b20000.qcrypto: qcrypto-cbc-3des
[    4.209873] qcrypto 1b20000.qcrypto: qcrypto-xts-aes
[    4.215270] qcrypto 1b20000.qcrypto: qcrypto-sha1
[    4.220443] qcrypto 1b20000.qcrypto: qcrypto-sha256
[    4.225751] qcrypto 1b20000.qcrypto: qcrypto-aead-hmac-sha1-cbc-aes
[    4.232508] qcrypto 1b20000.qcrypto: qcrypto-aead-hmac-sha1-cbc-des
[    4.239210] qcrypto 1b20000.qcrypto: qcrypto-aead-hmac-sha1-cbc-3des
[    4.246007] qcrypto 1b20000.qcrypto: qcrypto-aead-hmac-sha256-cbc-aes
[    4.252891] qcrypto 1b20000.qcrypto: qcrypto-aead-hmac-sha256-cbc-des
[    4.259778] qcrypto 1b20000.qcrypto: qcrypto-aead-hmac-sha256-cbc-3des
[    4.266732] qcrypto 1b20000.qcrypto: qcrypto-hmac-sha1
[    4.272374] qcrypto 1b20000.qcrypto: qcrypto-hmac-sha256
[    4.278128] qcrypto 1b20000.qcrypto: qcrypto-aes-ccm
[    4.283527] qcrypto 1b20000.qcrypto: qcrypto-rfc4309-aes-ccm
[    4.289849] coresight-tmc 8048000.tmc: Adding to iommu group 22
[    4.296835] tmc_etr_bam_init: setting SPS_BAM_SMMU_EN flag with (8048000.tmc)
[    4.304218] sps_register_bam_device: sps:BAM 0x0000000008064000 is registered
[    4.312696] [drm:dsi_ctrl_get] *ERROR* [msm-dsi-error]: inv: Device with of node not found rc=-517
[    4.321668] [drm:dsi_display_dev_probe] *ERROR* [msm-dsi-error]: failed to get dsi controller, rc=-517
[    4.330978] [drm:dsi_display_dev_probe] *ERROR* [msm-dsi-error]: [(null)] failed to initialize resources, rc=-517
[    4.341245] [drm:dsi_display_dev_probe] *ERROR* [msm-dsi-error]: device init failed, rc=-517
[    4.350457] msmdrm_smmu soc:qcom,smmu_sde_unsec_cb: Adding to iommu group 23
[    4.357674] [drm] probing device qcom,smmu_sde_unsec
[    4.362651] [drm] Created domain mdp_ns, secure=0
[    4.368618] msmdrm_smmu soc:qcom,smmu_sde_sec_cb: Adding to iommu group 24
[    4.375669] [drm] probing device qcom,smmu_sde_sec
[    4.380512] [drm] Created domain mdp_s, secure=1
[    4.386402] qupv3_geni_se 4ac0000.qcom,qupv3_0_geni_se: Adding to iommu group 25
[    4.395482] msm-dwc3 4e00000.ssusb: Adding to iommu group 26
[    4.402414] sdhci_msm 4744000.sdhci: Adding to iommu group 27
[    4.409562] sdhci_msm 4744000.sdhci: core_reset unavailable,err = -2
[    4.410805] dwc3 4e00000.dwc3: changing max_speed on rev 00000000
[    4.416283] sdhci_msm 4744000.sdhci: TCXO clk not present (-2)
[    4.425803] usb_bam_dt_to_data: bam type is missing in device tree
[    4.429822] mmc0: CQHCI version 5.10
[    4.434247] usb_bam: probe of 4f04000.qcom,usbbam failed with error -22
[    4.436428] msm_vidc_v4l2 5a00000.qcom,vidc:non_secure_cb: Adding to iommu group 28
[    4.452621] sdhci_msm 4784000.sdhci: Adding to iommu group 29
[    4.458563] sdhci_msm 4784000.sdhci: Got CD GPIO
[    4.459036] msm_vidc_v4l2 5a00000.qcom,vidc:secure_bitstream_cb: Adding to iommu group 30
[    4.463326] sdhci_msm 4784000.sdhci: core_reset unavailable,err = -2
[    4.468778] mmc0: SDHCI controller on 4744000.sdhci [4744000.sdhci] using ADMA 64-bit
[    4.468784] sdhci_msm 4744000.sdhci: mmc0: CQE init: success
[    4.468792] sdhci_msm 4744000.sdhci: IRQ sdiowakeup_irq not found
[    4.472255] msm_vidc_v4l2 5a00000.qcom,vidc:secure_pixel_cb: Adding to iommu group 31
[    4.477878] sdhci_msm 4784000.sdhci: TCXO clk not present (-2)
[    4.486323] msm_vidc_v4l2 5a00000.qcom,vidc:secure_non_pixel_cb: Adding to iommu group 32
[    4.519771] minidump-id not found for venus
[    4.524110] subsys-pil-tz 5ab0000.qcom,venus: for venus segments only will be dumped.
[    4.528991] gpio gpiochip0: (400000.pinctrl): allocate IRQ 250, hwirq 88
[    4.532226] subsys-pil-tz 5ab0000.qcom,venus: for md_venus segments only will be dumped.
[    4.538768] gpio gpiochip0: (400000.pinctrl): found parent hwirq 43
[    4.546932] get prop 64 is not supported in usb
[    4.548152] [drm:sde_dbg_init:2381] evtlog_status: enable:11, panic:1, dump:2
[    4.549521] msm_geni_serial 4a90000.qcom,qup_uart: IRQ index 1 not found
[    4.549524] msm_geni_serial 4a90000.qcom,qup_uart: No wakeup IRQ configured
[    4.553185] gpio gpiochip0: (400000.pinctrl): alloc_irqs_parent for 250 parent hwirq 43
[    4.557899] get prop 64 is not supported in usb
[    4.564985] msm_geni_serial 4a90000.qcom,qup_uart: Serial port0 added.FifoSize 64 is_console1
[    4.568722] genirq: irq_chip msmgpio did not update eff. affinity mask of irq 250
[    4.568887] mmc1: SDHCI controller on 4784000.sdhci [4784000.sdhci] using ADMA 64-bit
[    4.568901] sdhci_msm 4784000.sdhci: IRQ sdiowakeup_irq not found
[    4.569628] pmi632_charger: smblib_get_prop_usb_voltage_now: Failed to read USBIN over vadc, rc=-61
[    4.574981] msm-usb-ssphy-qmp 1615000.ssphy: USB QMP PHY: Update TYPEC CTRL(2)
[    4.578965] mmc0: Command Queue Engine enabled
[    4.579083] msm_geni_serial 4a90000.qcom,qup_uart: msm_geni_serial_get_ver_info:HW version 805306368
[    4.579093] msm_geni_serial 4a90000.qcom,qup_uart: gsi_mode:0
[    4.579117] 4a90000.qcom,qup_uart: ttyMSM0 at MMIO 0x4a90000 (irq = 155, base_baud = 0) is a MSM
[    4.587968] msm-dwc3 4e00000.ssusb: DWC3 exited from low power mode
[    4.591295] mmc0: new HS400 Enhanced strobe MMC card at address 0001
[    4.592275] mmcblk0: mmc0:0001 A3A551 14.6 GiB 
[    4.683450] mmcblk0boot0: mmc0:0001 A3A551 partition 1 4.00 MiB
[    4.683450] mmcblk0boot0: mmc0:0001 A3A551 partition 1 4.00 MiB
[    4.683504] printk: console [ttyMSM0] enabled
[    4.683504] printk: console [ttyMSM0] enabled
[    4.695560] mmcblk0boot1: mmc0:0001 A3A551 partition 2 4.00 MiB
[    4.695560] mmcblk0boot1: mmc0:0001 A3A551 partition 2 4.00 MiB
[    4.704167] printk: bootconsole [msm_geni_serial0] disabled
[    4.704167] printk: bootconsole [msm_geni_serial0] disabled
[    4.727534] mmcblk0rpmb: mmc0:0001 A3A551 partition 3 16.0 MiB, chardev (507:0)
[    4.728796] msm_geni_serial 4a8c000.qcom,qup_uart: Wakeup byte 0xfd
[    4.741249] msm_geni_serial 4a8c000.qcom,qup_uart: No Shutdown config specified
[    4.741542]  mmcblk0: p1 p2 p3 p4 p5 p6 p7 p8 p9 p10 p11 p12 p13 p14 p15 p16 p17 p18 p19 p20 p21 p22 p23 p24 p25 p26 p27 p28 p29 p30 p31 p32 p33 p34 p35 p36 p37 p38 p39 p40 p41 p42 p43 p44 p45 p46 p47 p48 p49 p50 p51 p52 p53 p54 p55 p56 p57 p58 p59 p60 p61 p62 p63 p64 p65 p66 p67 p68 p69 p70 p71 p72 p73 p74 p75 p76 p77 p78 p79 p80
[    4.748967] msm_geni_serial 4a8c000.qcom,qup_uart: Serial port0 added.FifoSize 64 is_console0
[    4.787389] msm_geni_serial 4a8c000.qcom,qup_uart: msm_geni_serial_get_ver_info:HW version 805306368
[    4.796533] msm_geni_serial 4a8c000.qcom,qup_uart: gsi_mode:0
[    4.802884] 4a8c000.qcom,qup_uart: ttyHS0 at MMIO 0x4a8c000 (irq = 156, base_baud = 0) is a MSM
[    4.813604] msm_geni_serial 4a80000.qcom,qup_uart: IRQ index 1 not found
[    4.820335] msm_geni_serial 4a80000.qcom,qup_uart: No wakeup IRQ configured
[    4.827362] msm_geni_serial 4a80000.qcom,qup_uart: No Shutdown config specified
[    4.834775] msm_geni_serial 4a80000.qcom,qup_uart: Serial port1 added.FifoSize 64 is_console0
[    4.844427] msm_geni_serial 4a80000.qcom,qup_uart: msm_geni_serial_get_ver_info:HW version 805306368
[    4.853582] msm_geni_serial 4a80000.qcom,qup_uart: gsi_mode:0
[    4.860022] 4a80000.qcom,qup_uart: ttyHS1 at MMIO 0x4a80000 (irq = 176, base_baud = 0) is a MSM
[    4.872416] gpio gpiochip0: (400000.pinctrl): allocate IRQ 251, hwirq 39
[    4.879141] gpio gpiochip0: (400000.pinctrl): found parent hwirq 28
[    4.885448] gpio gpiochip0: (400000.pinctrl): alloc_irqs_parent for 251 parent hwirq 28
[    4.901590] spi_geni 4a94000.spi: tx_fifo 16 rx_fifo 16 tx_width 32
[    4.904713] devfreq mmc0: Couldn't update frequency transition information.
[    4.918131] mcp25xxfd spi0.0 can0: MCP2518 successfully initialized.
[    4.924636] spi_geni 4a94000.spi: spi_geni_probe: completed
[    4.930885] i2c_geni 4a84000.i2c: Bus frequency is set to 400000Hz.
[    4.945660] PMIC@SID0: PM8008 v1.0 options: 0, 0, 0, 0
[    4.950851] I2C PMIC: i2c_pmic_probe: I2C PMIC probe successful
[    4.962178] pm8008_l1: supplied by pm6125_s6
[    4.969732] pm8008_l2: supplied by pm6125_s6
[    4.976870] pm8008_l3: supplied by regulator-dummy
[    4.984659] pm8008_l4: supplied by regulator-dummy
[    4.991863] pm8008_l5: Bringing 1800000uV into 2800000-2800000uV
[    4.999713] pm8008_l5: supplied by regulator-dummy
[    5.007455] pm8008_l6: supplied by regulator-dummy
[    5.014660] pm8008_l7: Bringing 2800000uV into 1800000-1800000uV
[    5.022537] pm8008_l7: supplied by regulator-dummy
[    5.028182] I2C PMIC: i2c_pmic_probe: I2C PMIC probe successful
[    5.034970] i2c_geni 4a84000.i2c: i2c error :-107
[    5.039834] sx150x-pinctrl: probe of 0-0022 failed with error -107
[    5.060632] i2c_geni 4a84000.i2c: I2C probed
[    5.065766] i2c_geni 4a88000.i2c: Bus frequency is set to 100000Hz.
[    5.072466] i2c_geni 4a88000.i2c: geni_i2c_prepare: RTL based SE
[    5.078835] gpio gpiochip0: (400000.pinctrl): allocate IRQ 252, hwirq 46
[    5.085639] gpio gpiochip0: (400000.pinctrl): found parent hwirq 29
[    5.091927] gpio gpiochip0: (400000.pinctrl): alloc_irqs_parent for 252 parent hwirq 29
[    5.100063] lt9611_get_dt_supply: no supply entry present
[    5.486262] lt9611_read_device_id: LT9611 id: 0x1704
[    5.491339] lt9611_ctl_disable: lt9611 ctl disable
[    5.555339] lt9611_get_version: LT9611 revison: 0x42
[    5.616344] lt9611_probe: LT9611 works, no need to upgrade FW
[    5.625677] ch101_i2c 1-0045: ch101_i2c_probe: Start: (____ptrval____), (null)
[    5.633086] ch101_i2c 1-0045: ch101_i2c_probe: IRQ: 0
[    5.638244] ch101_i2c 1-0045: Error initializing expander: ch_io_expander
[    5.645428] i2c_geni 4a88000.i2c: I2C probed
[    5.650687] drm_dsi_ctrl 5e94000.qcom,mdss_dsi_ctrl0: 5e94000.qcom,mdss_dsi_ctrl0 supply refgen not found, using dummy regulator
[    5.663013] [drm:dsi_ctrl_dev_probe] [msm-dsi-info]: dsi-ctrl-0: Probe successful
[    5.671861] [drm] [msm-dsi-warn]: [ILI9881P 720p video signal panel] fallback to default te-pin-select
[    5.702481] msm_drm 5e00000.qcom,mdss_mdp: bound soc:qcom,smmu_sde_unsec_cb (ops msm_smmu_comp_ops)
[    5.713755] [drm:dsi_display_bind] [msm-dsi-info]: Successfully bind display panel 'qcom,mdss_dsi_ili9881c_720p_video'
[    5.724892] gpio gpiochip0: (400000.pinctrl): allocate IRQ 253, hwirq 40
[    5.731637] gpio gpiochip0: (400000.pinctrl): found parent hwirq 4294967295
[    5.738742] gpio gpiochip0: (400000.pinctrl): alloc_irqs_parent for 253 parent hwirq -1
[    5.746877] msm_drm 5e00000.qcom,mdss_mdp: bound soc:qcom,dsi-display-primary (ops dsi_display_comp_ops)
[    5.756521] [drm] mapped mdp address space @(____ptrval____)
[    5.764983] [drm:_sde_kms_hw_init_blocks:4597] sde hardware revision:0x60030000
[    5.772440] [drm:msm_smmu_new] *ERROR* unable to find domain 1 compat: qcom,smmu_sde_nrt_unsec
[    5.781099] [drm:msm_smmu_new] *ERROR* unable to find domain 3 compat: qcom,smmu_sde_nrt_sec
[    5.790100] [drm:dsi_panel_get_mode] [msm-dsi-info]: default topology: lm: 1 comp_enc:0 intf: 1
[    5.802209] [drm] Supports vblank timestamp caching Rev 2 (21.10.2013).
[    5.808885] [drm] No driver support for vblank timestamp query.
[    5.816623] [drm] Initialized msm_drm 1.4.0 20130625 for 5e00000.qcom,mdss_mdp on minor 0
[    5.824847] [drm] cont_splash feature not enabled
[    5.834429] gpio gpiochip2: (1c40000.qcom,spmi:qcom,pm6125@0:pinctrl@c000): allocate IRQ 254, hwirq 4
[    5.843724] gpio gpiochip2: (1c40000.qcom,spmi:qcom,pm6125@0:pinctrl@c000): found parent hwirq 196
[    5.852811] gpio gpiochip2: (1c40000.qcom,spmi:qcom,pm6125@0:pinctrl@c000): alloc_irqs_parent for 254 parent hwirq 196
[    5.863696] input: gpio-keys as /devices/platform/soc/soc:gpio_keys/input/input1
[    5.872040] device-mapper: init: waiting for all devices to be available before creating mapped devices
[    5.882586] device-mapper: verity: sha256 using implementation "sha256-ce"
[    5.890748] device-mapper: ioctl: dm-0 (system) is ready
[    5.897834] bimc-bwmon: Zone thres larger than hw limit: hi:0 med:4000 lo:0
[    5.907475] cfg80211: Loading compiled-in X.509 certificates for regulatory database
[    5.915710] cfg80211: Loaded X.509 cert 'sforshee: 00b28ddf47aef9cea7'
[    5.922630] cfg80211: Loaded X.509 cert 'wens: 61c038651aabdcf94bd0ac7ff06c7248db18c600'
[    5.930845] platform regulatory.0: Direct firmware load for regulatory.db failed with error -2
[    5.939505] cfg80211: failed to load regulatory.db
[    5.939525] clk: Disabling unused clocks
[    5.948449] gpu_cc-bengal 5990000.qcom,gpucc: sync-state
[    5.953844] disp_cc-bengal 5f00000.qcom,dispcc: sync-state
[    5.959482] ALSA device list:
[    5.962472]   No soundcards found.
[    5.966112] md: Waiting for all devices to be available before autodetect
[    5.972917] md: If you don't use raid, use raid=noautodetect
[    5.979104] md: Autodetecting RAID arrays.
[    5.983222] md: autorun ...
[    5.986032] md: ... autorun DONE.
[    6.009830] EXT4-fs (dm-0): mounted filesystem with ordered data mode. Opts: (null)
[    6.017540] VFS: Mounted root (ext4 filesystem) readonly on device 252:0.
[    6.025409] devtmpfs: mounted
[    6.031074] Freeing unused kernel memory: 4544K
[    6.035779] Run /sbin/init as init process
[    6.190187] audit: type=1404 audit(906.563:2): enforcing=1 old_enforcing=0 auid=4294967295 ses=4294967295 enabled=1 old-enabled=1 lsm=selinux res=1
[    6.277000] SELinux:  Permission watch in class filesystem not defined in policy.
[    6.284606] SELinux:  Permission watch in class file not defined in policy.
[    6.291596] SELinux:  Permission watch_mount in class file not defined in policy.
[    6.299131] SELinux:  Permission watch_sb in class file not defined in policy.
[    6.306388] SELinux:  Permission watch_with_perm in class file not defined in policy.
[    6.314261] SELinux:  Permission watch_reads in class file not defined in policy.
[    6.321767] SELinux:  Permission watch in class dir not defined in policy.
[    6.328698] SELinux:  Permission watch_mount in class dir not defined in policy.
[    6.336111] SELinux:  Permission watch_sb in class dir not defined in policy.
[    6.343271] SELinux:  Permission watch_with_perm in class dir not defined in policy.
[    6.351034] SELinux:  Permission watch_reads in class dir not defined in policy.
[    6.358464] SELinux:  Permission watch in class lnk_file not defined in policy.
[    6.365827] SELinux:  Permission watch_mount in class lnk_file not defined in policy.
[    6.373680] SELinux:  Permission watch_sb in class lnk_file not defined in policy.
[    6.381433] qcom,qpnp-smb5 1c40000.qcom,spmi:qcom,pmi632@2:qcom,qpnp-smb5: pl_input_suspend channel unavailable, -19
[    6.391985] qcom,qpnp-smb5 1c40000.qcom,spmi:qcom,pmi632@2:qcom,qpnp-smb5: Failed to get channels, -19
[    6.392069] SELinux:  Permission watch_with_perm in class lnk_file not defined in policy.
[    6.409544] SELinux:  Permission watch_reads in class lnk_file not defined in policy.
[    6.417404] SELinux:  Permission watch in class chr_file not defined in policy.
[    6.424741] SELinux:  Permission watch_mount in class chr_file not defined in policy.
[    6.432594] SELinux:  Permission watch_sb in class chr_file not defined in policy.
[    6.440224] SELinux:  Permission watch_with_perm in class chr_file not defined in policy.
[    6.448423] SELinux:  Permission watch_reads in class chr_file not defined in policy.
[    6.456304] SELinux:  Permission watch in class blk_file not defined in policy.
[    6.463641] SELinux:  Permission watch_mount in class blk_file not defined in policy.
[    6.471486] SELinux:  Permission watch_sb in class blk_file not defined in policy.
[    6.479109] SELinux:  Permission watch_with_perm in class blk_file not defined in policy.
[    6.487301] SELinux:  Permission watch_reads in class blk_file not defined in policy.
[    6.495187] SELinux:  Permission watch in class sock_file not defined in policy.
[    6.502600] SELinux:  Permission watch_mount in class sock_file not defined in policy.
[    6.510571] SELinux:  Permission watch_sb in class sock_file not defined in policy.
[    6.518251] SELinux:  Permission watch_with_perm in class sock_file not defined in policy.
[    6.526572] SELinux:  Permission watch_reads in class sock_file not defined in policy.
[    6.534522] SELinux:  Permission watch in class fifo_file not defined in policy.
[    6.541969] SELinux:  Permission watch_mount in class fifo_file not defined in policy.
[    6.549908] SELinux:  Permission watch_sb in class fifo_file not defined in policy.
[    6.557622] SELinux:  Permission watch_with_perm in class fifo_file not defined in policy.
[    6.565910] SELinux:  Permission watch_reads in class fifo_file not defined in policy.
[    6.573942] SELinux:  Permission nlmsg_readpriv in class netlink_route_socket not defined in policy.
[    6.583090] SELinux:  Permission nlmsg_getneigh in class netlink_route_socket not defined in policy.
[    6.592416] SELinux:  Class perf_event not defined in policy.
[    6.598182] SELinux:  Class anon_inode not defined in policy.
[    6.603946] SELinux: the above unknown classes and permissions will be allowed
[    6.611564] SELinux:  policy capability network_peer_controls=1
[    6.617543] SELinux:  policy capability open_perms=1
[    6.622535] SELinux:  policy capability extended_socket_class=1
[    6.628478] SELinux:  policy capability always_check_network=0
[    6.634361] SELinux:  policy capability cgroup_seclabel=1
[    6.639783] SELinux:  policy capability nnp_nosuid_transition=1
[    6.737799] audit: type=1403 audit(907.111:3): auid=4294967295 ses=4294967295 lsm=selinux res=1
[    6.743208] systemd[1]: Successfully loaded SELinux policy in 553.887ms.
[    6.790952] systemd[1]: Failed to find module 'autofs4'
[    6.824399] systemd[1]: Unable to fix SELinux security context of /dev/adsprpc-smd-secure: Permission denied
[    6.844974] systemd[1]: Relabelled /dev, /dev/shm, /run, /sys/fs/cgroup in 38.961ms.
systemd 244.5+ running in system mode. (-PAM +AUDIT +SELINUX +IMA -APPARMOR -SMACK -SYSVINIT -UTMP -LIBCRYPTSETUP -GCRYPT -GNUTLS +ACL +XZ -LZ4 -SECCOMP +BLKID -ELFUTILS +KMOD -IDN2 -IDN -PCRE2 defa[    6.891974] random: ult-hierarchy=hybrid)
Detected architecture arm64.

Welcome to QTI Linux full reference stack distro with debug capabilities. d2556e451!

Set hostname to <qrbx210-rbx>.
Initializing machine ID from random generator.
Installed transient /etc/machine-id file.
[    7.058450] systemd-run-gen (354) used greatest stack depth: 11840 bytes left
/lib/systemd/system/qseecomd.service:11: Failed to parse service restart specifier, ignoring: yes
Configuration file /etc/systemd/system/init_display.service is marked executable. Please remove executable permission bits. Proceeding anyway.
/lib/systemd/system/earlyinit-l[    7.204637] random: systemd: uninitialized urandom read (16 bytes read)
ogd.service:16: PIDFile= references a path bel[    7.225369] random: systemd: uninitialized urandom read (16 bytes read)
ow legacy directory /var/run/, updating /var/run/logd.pid → /run/logd.pid; please update the unit file accordingly.
/lib/systemd/system/chronyd.service:8: PIDFile= references a path below legacy directory /var/run/, updating /var/run/chronyd.pid → /run/chronyd.pid; please update the unit file accordingly.
[  OK  ] Created slice system-getty.slice.
[  OK  ] Created slice system-serial\x2dgetty.slice.
[  OK  ] Created slice User and Session Slice.
[  OK  ] Started Dispatch Password …ts to Console Directory Watch.
[  OK  ] Started Forward Password R…uests to Wall Directory Watch.
[  OK  ] Reached target Remote File Systems.
[  OK  ] Reached target Slices.
[  OK  ] Reached target Swap.
[  OK  ] Listening on Process Core Dump Socket.
[  OK   q6_pdr_dlkm: loading out-of-tree module taints kernel.
[0m] Listening o[    7.331638] grep (371) used greatest stack depth: 11432 bytes left
n initc[    7.358489] zram0: detected capacity change from 0 to 869122048
tl Compatibility Named Pipe.
[  OK  ] Listening on Journal Audit Socket.
[  OK  ] Listening on Journal Socket (/dev/log).
[  OK  ] Listening on Journal Socket.
[  OK  ] Listening on udev Control Socket.
[  OK  ] Listening on udev Kernel Socket.
 [    7.416113] Adding 848748k swap on /dev/zram0.  Priority:10 extents:1 across:848748k SS
        Mounting[    7.437393] audit: type=1400 audit(907.811:4): avc:  denied  { dac_read_search } for  pid=387 comm="systemd-random-" capability=2  scontext=system_u:system_r:mount_t:s0-s15:c0.c1023 tcontext=system_u:system_r:mount_t:s0-s15:c0.c1023 tclass=capability perm Kernel Debug File System...
         Mounting Tempor[    7.476915] q6lsm_init: panic_on_timeout debugfs flag is created
ary Directory (/tmp)...
var-volatile.mount: Directory /var/volatile to mount over is not empty, mounting anyway.
         Mounting /var/volatile...
[  OK  ] Started irsc-util Service.
[  OK  ] Started qrtr-ns Service.
         Starting Journal Service...
         Starting Load Kernel Modules...
         Starting Create Static Device Nodes in /dev...
         Starting udev Coldplug all Devices...
[  OK  ] Started zram setup service.
[  OK  ] Mounted Kernel Debug File System.
[  OK  ] Mounted Temporary Directory (/tmp).
[  OK  ] Mounted /var/volatile.
         Starting Bind mount volatile /var/cache...
         Starting Bind mount volatile /var/lib...
         Starting Bind mount volatile /var/spool...
[  OK  ] Started Bind mount volatile /var/lib.
[  OK  ] Started Bind mount volatile /var/spool.
         Starting Load/Save Random Seed...
[  OK  ] Started Journal Service.
[  OK  ] Started Create Static Device Nodes in /dev.
[  OK  ] Started Bind mount volatile /var/cache.
         Starting Flush Journal to Persistent Storage...
[    7.709422] systemd-journald[361]: Received client request to flush runtime journal.
         Starting udev Kernel Device Manager...
[  OK      7.733886] systemd-modules (363) used greatest stack depthm] Started Flush Journal to Persistent Storage.
[  OK  ] Started Load Kernel Modules.
         Mounting FUSE Control File System...
         Mounting Kernel Configuration File System...
         Starting Apply Kernel Variables...
[  OK  ] Mounted FUSE Control File System.
[  OK  ] Mounted Kernel Configuration File System.
[  OK  ] Started Apply Kernel Variables.
[  OK  ] Started udev Kernel Device Manager.
[    7.950257] random: systemd: uninitialized urandom read (16 bytes read)
[    7.958371] random: systemd: uninitialized urandom read (16 bytes read)
[    7.965713] random: systemd: uninitialized urandom read (16 bytes read)
[    8.009250] pmi632_charger: smblib_get_prop_usb_voltage_now: Failed to read USBIN over vadc, rc=-61
[    8.116427] pmi632_charger: smblib_get_prop_usb_voltage_now: Failed to read USBIN over vadc, rc=-61
[  OK  ] Started udev Coldplug all Devices.
         Starting udev Wait for Complete Device Initialization...
[    8.392107] random: crng init done
[    8.395543] random: 63 urandom warning(s) missed due to ratelimiting
[  OK  ] Started Load/Save Random Seed.
[    9.640960] camera: module verification failed: signature and/or required key missing - tainting kernel
[    9.716296] msm_cam_smmu soc:qcom,cam_smmu:msm_cam_smmu_tfe: Adding to iommu group 33
[    9.725289] msm_cam_smmu soc:qcom,cam_smmu:msm_cam_smmu_ope: Adding to iommu group 34
[    9.734949] msm_cam_smmu soc:qcom,cam_smmu:msm_cam_smmu_cpas_cdm: Adding to iommu group 35
[    9.775859] gcc-bengal 1400000.qcom,gcc: sync-state
[    9.783172] CAM_INFO: CAM-CRM: cam_req_mgr_component_master_bind: 886 All probes done, binding slave components
[    9.794827] cam_req_mgr soc:qcom,cam-req-mgr: bound soc:qcom,cam-sync (ops cam_sync_component_ops [camera])
[    9.804839] cam_req_mgr soc:qcom,cam-req-mgr: bound soc:qcom,cam_smmu (ops cam_smmu_component_ops [camera])
[    9.814733] cam_req_mgr soc:qcom,cam-req-mgr: bound soc:qcom,cam_smmu:msm_cam_smmu_tfe (ops cam_smmu_cb_component_ops [camera])
[    9.826363] cam_req_mgr soc:qcom,cam-req-mgr: bound soc:qcom,cam_smmu:msm_cam_smmu_ope (ops cam_smmu_cb_component_ops [camera])
[    9.837983] cam_req_mgr soc:qcom,cam-req-mgr: bound soc:qcom,cam_smmu:msm_cam_smmu_cpas_cdm (ops cam_smmu_cb_component_ops [camera])
[    9.850014] cam_req_mgr soc:qcom,cam-req-mgr: bound soc:qcom,cam_smmu:msm_cam_smmu_secure (ops cam_smmu_cb_component_ops [camera])
[    9.862511] CAM_INFO: CAM-CPAS: cam_cpas_get_hw_features: 587 feature 0x1 addr 0x1b401e4, mask 0x64, shift 0x2 type 0x1 hw_map 0xff
[    9.874435] CAM_INFO: CAM-CPAS: cam_cpas_get_hw_features: 610 fuse_addr 0x1b401e4, fuse_val 96000200
[    9.883609] CAM_INFO: CAM-CPAS: cam_cpas_get_hw_features: 670 feature 0x1 enable=0 hw_map=0xff
[    9.893981] CAM_INFO: CAM-CPAS: cam_cpas_hw_get_hw_info: 1858 fuse info->num_fuses 1
[    9.902940] cam_req_mgr soc:qcom,cam-req-mgr: bound 5c11000.qcom,cam-cpas (ops cam_cpas_dev_component_ops [camera])
[    9.914023] cam_req_mgr soc:qcom,cam-req-mgr: bound soc:qcom,cam-cdm-intf (ops cam_cdm_intf_component_ops [camera])
[    9.929704] cam_req_mgr soc:qcom,cam-req-mgr: bound 5c23000.qcom,cpas-cdm0 (ops cam_hw_cdm_component_ops [camera])
[    9.945263] cam_req_mgr soc:qcom,cam-req-mgr: bound 5c42000.qcom,ope-cdm0 (ops cam_hw_cdm_component_ops [camera])
[    9.955622] CAM_INFO: CAM-CPAS: cam_tfe_init_soc_resources: 60 tfe:0 I:0 pid 4
[    9.962902] CAM_WARN: CAM-ISP: cam_tfe_init_soc_resources: 71 Option clk get failed with rc -22
[    9.973800] cam_req_mgr soc:qcom,cam-req-mgr: bound 5c6e000.qcom,tfe0 (ops cam_tfe_component_ops [camera])
[    9.983545] CAM_INFO: CAM-CPAS: cam_tfe_init_soc_resources: 60 tfe:1 I:0 pid 5
[    9.990820] CAM_WARN: CAM-ISP: cam_tfe_init_soc_resources: 71 Option clk get failed with rc -22
[   10.001693] cam_req_mgr soc:qcom,cam-req-mgr: bound 5c75000.qcom,tfe1 (ops cam_tfe_component_ops [camera])
[   10.011435] CAM_INFO: CAM-CPAS: cam_tfe_init_soc_resources: 60 tfe:2 I:0 pid 6
[   10.018710] CAM_WARN: CAM-ISP: cam_tfe_init_soc_resources: 71 Option clk get failed with rc -22
[   10.029616] cam_req_mgr soc:qcom,cam-req-mgr: bound 5c7c000.qcom,tfe2 (ops cam_tfe_component_ops [camera])
[   10.041940] cam_req_mgr soc:qcom,cam-req-mgr: bound 5c6e000.qcom,tfe_csid0 (ops cam_tfe_csid_component_ops [camera])
[   10.055122] cam_req_mgr soc:qcom,cam-req-mgr: bound 5c75000.qcom,tfe_csid1 (ops cam_tfe_csid_component_ops [camera])
[   10.068362] cam_req_mgr soc:qcom,cam-req-mgr: bound 5c7c000.qcom,tfe_csid2 (ops cam_tfe_csid_component_ops [camera])
[   10.080751] cam_req_mgr soc:qcom,cam-req-mgr: bound 5c66000.qcom,tpg0 (ops cam_top_tpg_component_ops [camera])
[   10.092658] cam_req_mgr soc:qcom,cam-req-mgr: bound 5c68000.qcom,tpg1 (ops cam_top_tpg_component_ops [camera])
[   10.104486] cam_req_mgr soc:qcom,cam-req-mgr: bound soc:qcom,cam-isp (ops cam_isp_dev_component_ops [camera])
[   10.114453] CAM_INFO: CAM-RES: cam_res_mgr_parse_dt_shared_pinctrl_gpio: 829 number of pctrl_gpio: 1
[   10.123626] CAM_INFO: CAM-RES: cam_res_mgr_parse_dt_shared_pinctrl_gpio: 843 shared-pctrl-gpio-names[0] = gmsl
[   10.133826] cam_req_mgr soc:qcom,cam-req-mgr: bound soc:qcom,cam-res-mgr (ops cam_res_mgr_component_ops [camera])
[   10.145500] cam_req_mgr soc:qcom,cam-req-mgr: bound 5c1b000.qcom,cci0 (ops cam_cci_component_ops [camera])
[   10.156686] cam_req_mgr soc:qcom,cam-req-mgr: bound 5c52000.qcom,csiphy0 (ops cam_csiphy_component_ops [camera])
[   10.168327] cam_req_mgr soc:qcom,cam-req-mgr: bound 5c53000.qcom,csiphy1 (ops cam_csiphy_component_ops [camera])
[   10.179891] cam_req_mgr soc:qcom,cam-req-mgr: bound 5c54000.qcom,csiphy2 (ops cam_csiphy_component_ops [camera])
[   10.191679] cam_req_mgr soc:qcom,cam-req-mgr: bound 5c1b000.qcom,cci0:qcom,cam-sensor0 (ops cam_sensor_component_ops [camera])
[   10.204768] cam_req_mgr soc:qcom,cam-req-mgr: bound 5c1b000.qcom,cci0:qcom,cam-sensor1 (ops cam_sensor_component_ops [camera])
[   10.217725] cam_req_mgr soc:qcom,cam-req-mgr: bound 5c1b000.qcom,cci0:qcom,cam-sensor2 (ops cam_sensor_component_ops [camera])
[   10.230399] cam_req_mgr soc:qcom,cam-req-mgr: bound 5c1b000.qcom,cci0:qcom,cam-sensor3 (ops cam_sensor_component_ops [camera])
[   10.243062] cam_req_mgr soc:qcom,cam-req-mgr: bound 5c1b000.qcom,cci0:qcom,cam-sensor4 (ops cam_sensor_component_ops [camera])
[   10.256049] cam_req_mgr soc:qcom,cam-req-mgr: bound 5c1b000.qcom,cci0:qcom,cam-sensor5 (ops cam_sensor_component_ops [camera])
[   10.269160] cam_req_mgr soc:qcom,cam-req-mgr: bound 5c1b000.qcom,cci0:qcom,cam-sensor8 (ops cam_sensor_component_ops [camera])
[   10.282104] cam_req_mgr soc:qcom,cam-req-mgr: bound 5c1b000.qcom,cci0:qcom,eeprom1 (ops cam_eeprom_component_ops [camera])
[   10.294510] cam_req_mgr soc:qcom,cam-req-mgr: bound 5c42000.qcom,ope (ops cam_ope_component_ops [camera])
[   10.306104] cam_req_mgr soc:qcom,cam-req-mgr: bound soc:qcom,cam-ope (ops cam_ope_subdev_component_ops [camera])
[   10.316932] CAM_INFO: CAM-UTIL: camera_init: 294 Spectra camera driver initialized
[   10.747640] pmi632_charger: smblib_get_prop_usb_voltage_now: Failed to read USBIN over vadc, rc=-61
[   10.760993] pmi632_charger: smblib_get_prop_usb_voltage_now: Failed to read USBIN over vadc, rc=-61
[   10.770739] pmi632_charger: smblib_get_prop_usb_voltage_now: Failed to read USBIN over vadc, rc=-61
[  OK  ] Reached target Hardware activated USB gadget.
[  OK  ] Found device /dev/disk/by-partlabel/dsp_a.
[  OK  ] Found device /dev/disk/by-partlabel/dsp_b.
[  OK  ] Found device /dev/disk/by-partlabel/modem_a.
[  OK  ] Found device /dev/disk/by-partlabel/bluetooth_a.
[  OK  ] Found device /dev/disk/by-partlabel/modem_b.
[  OK  ] Found device /dev/disk/by-partlabel/ssd.
[  OK  ] Found device /dev/disk/by-partlabel/bluetooth_b.
[  OK  ] Found device /dev/disk/by-partlabel/persist.
[  OK  ] Found device /dev/disk/by-partlabel/userdata.
[  OK  ] Found device /dev/binder.
[  OK  ] Started udev Wait for Complete Device Initialization.
         Mounting /overlay...
         Mounting /persist...
         Starting Mount bluetooth p…to /bt_firmware mount point...
[   11.597789] audit: type=1400 audit(911.971:5): avc:  denied  { setsched } for  pid=465 comm="mount" scontext=system_u:system_r:mount_t:s0-s15:c0.c1023 tcontext=system_u:system_r:kernel_t:s15:c0.c1023 tclass=process permissive=1
[   11.618372] EXT4-fs (mmcblk0p80): mounted filesystem with ordered data mode. Opts: barrier=1,data=ordered,noauto_da_alloc,discard
[   11.619134] EXT4-fs (mmcblk0p45): mounted filesystem with ordered data mode. Opts: data=ordered,noauto_da_alloc,discard
         Starting Mount dsp partition to /dsp mount point...
[   11.661712] EXT4-fs (mmcblk0p32): mounted filesystem with ordered data mode. Opts: data=ordered,noauto_da_alloc,discard
         Starting Mount modem parti…on to /firmware mount point...
[  OK  ] Started Hardware RNG Entropy Gatherer Daemon.
[  OK  ] Mounted /overlay.
[  OK  ] Mounted /persist.
[  OK  ] Started Mount bluetooth pa…n to /bt_firmware mount point.
[  OK  ] Started Mount dsp partition to /dsp mount point.
[  OK  ] Started Mount modem partition to /firmware mount point.
         Starting Create workdirs for overlayfs usage...
[  OK  ] Started Create workdirs for overlayfs usage.
         Mounting /cache...
         Mounting /data...
         Mounting /etc...
[  OK  ] Mounted /cache.
[  OK  ] Mounted /data.
[  OK  ] Mounted /etc.
[  OK  ] Reached target Local File Systems.
         Starting Create Volatile Files and Directories...
[  OK  ] Started Staring tftp server.
         Starting time serviced Service...
[   12.095959] audit: type=1400 audit(912.467:6): avc:  denied  { fowner } for  pid=494 comm="systemd-tmpfile" capability=3  scontext=system_u:system_r:mount_t:s0-s15:c0.c1023 tcontext=system_u:system_r:mount_t:s0-s15:c0.c1023 tclass=capability permissive=1
[[   12.118788] audit: type=1400 audit(912.475:7): avc:  denied  { create } for  pid=494 comm="systemd-tmpfile" name="machine-id" scontext=system_u:system_r:mount_t:s0-s15:c0.c1023 tcontext=system_u:object_r:system_dbusd_var_lib_t:s0 tclass=lnk_file permissive=1
  OK     12.141740] audit: type=1400 audit(912.475:8)m] Started time serviced Service.
[  OK  ] Started Create Volatile Files and Directories.
         Starting Logd logging Service...
         Starting Run pending postinsts...
[  OK  ] Started Logd logging Service.
[   12.580426] logd.auditd: start
[   12.583520] logd.klogd: 12575500462
[   12.709366] type=1400 audit(315965712.857:9): avc: denied { dac_read_search } for pid=518 comm="fc-cache" capability=2 scontext=system_u:system_r:mount_t:s0-s15:c0.c1023 tcontext=system_u:system_r:mount_t:s0-s15:c0.c1023 tclass=capability permissive=1
[  OK  ] Started Run pending postinsts.
[  OK  ] Reached target System Initialization.
[  OK  ] Started Monitor /dev/socket path to start logd.
[  OK  ] Started Daily Cleanup of Temporary Directories.
[  OK  ] Reached target Paths.
[  OK  ] Reached target Timers.
[  OK  ] Listening on D-Bus System Message Bus Socket.
         Starting sshd.socket.
         Starting usb Service...
[  OK  ] Started D-Bus System Message Bus.
[  OK  ] Started QCMAP connectionManager service.
[  OK  ] Listening on sshd.socket.
[  OK  ] Reached target Sockets.
[  OK  ] Reached target Basic System.
[   13.050125] Mass Storage Function, version: 2009/09/11
[   13.055498] LUN: removable file: (no medium)
[   13.062290] Mass Storage Function, version: 2009/09/11
[   13.067474] LUN: removable file: (no medium)
[   13.074344] file system registered
         Starting leprop Service...
[   13.090033] f_cdev_alloc: port_name:at_usb0 (0000000000000000) portno:(0)
[  OK  ] Started USB daemon[   13.099902]  Service.
[   13.198855] QCMAP:Start Main
